   Compiling proc-macro2 v1.0.107
   Compiling unicode-ident v1.0.24
   Compiling quote v1.0.47
   Compiling libc v0.2.189
   Compiling cfg-if v1.0.4
   Compiling subtle v2.6.1
   Compiling typenum v1.20.1
   Compiling pin-project-lite v0.2.17
   Compiling zeroize v1.9.0
   Compiling futures-core v0.3.34
   Compiling autocfg v1.5.1
   Compiling syn v3.0.3
   Compiling syn v2.0.119
   Compiling log v0.4.33
   Compiling serde v1.0.229
   Compiling jobserver v0.1.35
   Compiling futures-io v0.3.34
   Compiling shlex v2.0.1
   Compiling rand_core v0.10.1
   Compiling find-msvc-tools v0.1.11
   Compiling version_check v0.9.5
   Compiling once_cell v1.21.4
   Compiling generic-array v0.14.7
   Compiling cc v1.4.3
   Compiling num-traits v0.2.19
   Compiling getrandom v0.4.3
   Compiling slab v0.4.12
   Compiling errno v0.3.14
   Compiling hybrid-array v0.4.14
   Compiling hashbrown v0.17.1
   Compiling equivalent v1.0.2
   Compiling pkg-config v0.3.34
   Compiling indexmap v2.14.0
   Compiling signal-hook-registry v1.4.8
   Compiling synstructure v0.13.2
   Compiling cmov v0.5.4
   Compiling serde_core v1.0.229
   Compiling bitflags v2.13.1
   Compiling ctutils v0.4.2
   Compiling bytes v1.12.1
   Compiling const-oid v0.10.2
   Compiling serde_derive v1.0.229
   Compiling futures-sink v0.3.34
   Compiling zerofrom-derive v0.1.7
   Compiling tracing-core v0.1.36
   Compiling itoa v1.0.18
   Compiling zerofrom v0.1.8
   Compiling tracing-attributes v0.1.31
   Compiling yoke-derive v0.8.2
   Compiling crypto-common v0.2.2
   Compiling stable_deref_trait v1.2.1
   Compiling parking v2.2.1
   Compiling winnow v1.0.4
   Compiling tracing v0.1.44
   Compiling yoke v0.8.3
   Compiling futures-channel v0.3.34
   Compiling crypto-common v0.1.7
   Compiling memchr v2.8.3
   Compiling futures-macro v0.3.34
   Compiling zerovec-derive v0.11.4
   Compiling block-buffer v0.12.1
   Compiling mio v1.2.2
   Compiling crossbeam-utils v0.8.22
   Compiling futures-task v0.3.34
   Compiling futures-util v0.3.34
   Compiling digest v0.11.3
   Compiling zerovec v0.11.7
   Compiling toml_parser v1.1.3+spec-1.1.0
   Compiling http v1.5.0
   Compiling tokio-macros v2.7.2
   Compiling displaydoc v0.2.7
   Compiling cmake v0.1.58
   Compiling socket2 v0.6.5
   Compiling dunce v1.0.5
   Compiling toml_datetime v1.1.1+spec-1.1.0
   Compiling fastrand v2.5.0
   Compiling fs_extra v1.3.0
   Compiling atomic-waker v1.1.2
   Compiling tokio v1.53.1
   Compiling toml_edit v0.25.13+spec-1.1.0
   Compiling aws-lc-sys v0.44.0
   Compiling enumflags2_derive v0.7.12
   Compiling block-buffer v0.10.4
   Compiling rustix v1.1.4
   Compiling smallvec v1.15.2
   Compiling digest v0.10.7
   Compiling proc-macro-crate v3.5.0
   Compiling concurrent-queue v2.5.0
   Compiling zvariant_utils v4.0.0
   Compiling event-listener v5.4.2
   Compiling linux-raw-sys v0.12.1
   Compiling zvariant_derive v5.14.0
   Compiling event-listener-strategy v0.5.4
   Compiling futures-lite v2.6.1
   Compiling tinystr v0.8.4
   Compiling endi v1.1.1
   Compiling base64ct v1.8.3
   Compiling litemap v0.8.3
   Compiling writeable v0.6.4
   Compiling cpufeatures v0.2.17
   Compiling httparse v1.10.1
   Compiling aws-lc-rs v1.18.0
   Compiling icu_locale_core v2.3.0
   Compiling pem-rfc7468 v1.0.0
   Compiling zerotrie v0.2.5
   Compiling http-body v1.1.0
   Compiling potential_utf v0.1.6
   Compiling async-io v2.6.0
   Compiling zerocopy v0.8.56
   Compiling icu_properties_data v2.3.0
   Compiling percent-encoding v2.3.2
   Compiling cpubits v0.1.1
   Compiling utf8_iter v1.0.4
   Compiling getrandom v0.3.4
   Compiling icu_normalizer_data v2.3.0
   Compiling icu_collections v2.3.0
   Compiling crypto-bigint v0.7.5
   Compiling polling v3.11.0
   Compiling icu_provider v2.3.0
   Compiling der v0.8.1
   Compiling enumflags2 v0.7.12
   Compiling zcheapstr v1.1.0
   Compiling num-integer v0.1.47
   Compiling block-padding v0.3.3
   Compiling ff v0.14.0
   Compiling rustls-pki-types v1.15.1
   Compiling tower-service v0.3.3
   Compiling async-task v4.7.1
   Compiling inout v0.1.4
   Compiling zvariant v5.14.0
   Compiling tokio-util v0.7.19
   Compiling async-channel v2.5.0
   Compiling untrusted v0.9.0
   Compiling semver v1.0.28
   Compiling vcpkg v0.2.15
   Compiling fnv v1.0.7
   Compiling rustls v0.23.45
   Compiling try-lock v0.2.5
   Compiling want v0.3.1
   Compiling rustc_version v0.4.1
   Compiling h2 v0.4.16
   Compiling libz-sys v1.1.29
   Compiling ppv-lite86 v0.2.21
   Compiling icu_normalizer v2.3.0
   Compiling rand_core v0.9.5
   Compiling zbus_names v4.3.4
   Compiling icu_properties v2.3.0
   Compiling async-signal v0.2.14
   Compiling cipher v0.4.4
   Compiling group v0.14.0
   Compiling spki v0.8.0
   Compiling num-bigint v0.4.8
   Compiling form_urlencoded v1.2.2
   Compiling async-lock v3.4.2
   Compiling piper v0.2.5
   Compiling sync_wrapper v1.0.2
   Compiling thiserror v2.0.20
   Compiling base16ct v1.0.0
   Compiling zmij v1.0.23
   Compiling httpdate v1.0.3
   Compiling tower-layer v0.3.3
   Compiling cpufeatures v0.3.0
   Compiling hyper v1.11.0
   Compiling sec1 v0.8.1
   Compiling num-rational v0.4.2
   Compiling blocking v1.6.2
   Compiling async-process v2.5.0
   Compiling pkcs8 v0.11.0
   Compiling idna_adapter v1.2.2
   Compiling zbus_macros v5.19.0
   Compiling rand_chacha v0.9.0
   Compiling curve25519-dalek v5.0.0
   Compiling async-executor v1.14.0
   Compiling num-iter v0.1.46
   Compiling async-broadcast v0.7.2
   Compiling hmac v0.12.1
   Compiling signature v3.0.0
   Compiling uuid v1.24.1
   Compiling async-recursion v1.1.1
   Compiling async-trait v0.1.92
   Compiling thiserror-impl v2.0.20
   Compiling serde_repr v0.1.21
   Compiling num-complex v0.4.6
   Compiling ordered-stream v0.2.0
   Compiling ipnet v2.12.1
   Compiling inotify-sys v0.1.8
   Compiling base64 v0.22.1
   Compiling serde_json v1.0.151
   Compiling hex v0.4.3
   Compiling hyper-util v0.1.20
   Compiling zbus v5.19.0
   Compiling num v0.4.3
   Compiling hkdf v0.12.4
   Compiling rand v0.9.5
   Compiling idna v1.1.0
   Compiling elliptic-curve v0.14.1
   Compiling tower v0.5.3
   Compiling aes v0.8.4
   Compiling cbc v0.1.2
   Compiling primefield v0.14.0
   Compiling http-body-util v0.1.5
   Compiling sha1 v0.10.7
   Compiling sha2 v0.10.9
   Compiling hmac v0.13.0
   Compiling curve25519-dalek-derive v0.1.1
   Compiling libgit2-sys v0.18.8+1.9.7
   Compiling keyring-core v1.0.0
   Compiling getrandom v0.2.17
   Compiling data-encoding v2.11.1
   Compiling regex-syntax v0.8.11
   Compiling openssl-probe v0.2.1
   Compiling mime v0.3.17
   Compiling rustls-native-certs v0.8.4
   Compiling regex-automata v0.4.18
   Compiling tungstenite v0.29.0
   Compiling secret-service v5.1.0
   Compiling rfc6979 v0.6.0
   Compiling wnaf v0.14.1
   Compiling url v2.5.8
   Compiling sha2 v0.11.0
   Compiling linux-keyutils v0.2.5
   Compiling same-file v1.0.6
   Compiling ryu v1.0.23
   Compiling lazy_static v1.5.0
   Compiling serde_urlencoded v0.7.1
   Compiling sharded-slab v0.1.7
   Compiling linux-keyutils-keyring-store v1.0.0
   Compiling walkdir v2.5.0
   Compiling inotify v0.11.5
   Compiling tower-http v0.6.11
   Compiling primeorder v0.14.0
   Compiling ecdsa v0.17.0
   Compiling zbus-secret-service-keyring-store v1.0.1
   Compiling matchers v0.2.0
   Compiling tokio-tungstenite v0.29.0
   Compiling axum-core v0.5.6
   Compiling ed25519 v3.0.0
   Compiling futures-executor v0.3.34
   Compiling serde_path_to_error v0.1.20
   Compiling tracing-log v0.2.0
   Compiling notify-types v2.1.0
   Compiling encoding_rs v0.8.35
   Compiling thread_local v1.1.10
   Compiling nu-ansi-term v0.50.3
   Compiling iana-time-zone v0.1.65
   Compiling matchit v0.8.4
   Compiling axum v0.8.9
   Compiling chrono v0.4.45
   Compiling tracing-subscriber v0.3.23
   Compiling notify v8.2.0
   Compiling futures v0.3.34
   Compiling ed25519-dalek v3.0.0
   Compiling keyring v4.1.6
   Compiling p256 v0.14.0
   Compiling x25519-dalek v3.0.0
   Compiling base64 v0.23.1
   Compiling tempfile v3.27.0
   Compiling git2 v0.21.0
   Compiling rustls-webpki v0.103.14
   Compiling tokio-rustls v0.26.4
   Compiling rustls-platform-verifier v0.7.0
   Compiling hyper-rustls v0.27.9
   Compiling reqwest v0.13.4
   Compiling corrald v0.1.0 (/var/home/jirathip/.cache/g492-proof-r3/fixed)
    Finished `test` profile [unoptimized + debuginfo] target(s) in 1m 03s
     Running unittests src/lib.rs (/home/jirathip/.cache/g492-proof-r3/fixed-target/debug/deps/corrald-4d1cc7826119fe03)

running 7 tests

thread '<unnamed>' (2991737) panicked at src/adapters/git_plane_issue492_tests.rs:48:13:
G492_INITIAL_LOCK_HOLDER_PANIC
note: run with `RUST_BACKTRACE=1` environment variable to display a backtrace

thread 'adapters::git_plane::tests::g492_warning_subscriber_cannot_poison_the_cache' (2991732) panicked at src/adapters/git_plane_issue492_tests.rs:264:13:
G492_FAILING_WARN_WRITER
test adapters::git_plane::tests::g492_warning_subscriber_cannot_poison_the_cache ... ok
test adapters::git_plane::tests::g492_poisoned_state_keeps_event_path_and_probe_serving ... ok
test adapters::git_plane::tests::g492_warning_limit_preserves_every_skipped_probe_in_counter ... ok

thread 'tokio-rt-worker' (2991734) panicked at src/adapters/git_plane_issue492_tests.rs:101:9:
G492_SUPERVISED_POISON_PAYLOAD
test adapters::git_plane::tests::g492_snapshot_marks_old_absent_and_stopped_facts ... ok
2026-09-16T14:47:10.053664Z ERROR corrald::adapters::git_plane: git plane child failed; restarting generation error=task 11 panicked with message "G492_SUPERVISED_POISON_PAYLOAD"

G492_REAL_HTTP_LIVENESS alive=true stopped=false
test adapters::git_plane::tests::g492_supervisor_respawns_poisoned_child_and_wire_reports_stopped ... ok
test adapters::git_plane::tests::g492_supervisor_restarts_a_silent_stall_but_not_idle_loops ... ok
G492_PERMITS 100 fake worktrees x 50ms, max=4, OverBudget=0; paced_ms=5992
test adapters::git_plane::tests::g492_permit_queue_is_not_execution_budget_and_sweep_is_paced ... ok

test result: ok. 7 passed; 0 failed; 0 ignored; 0 measured; 299 filtered out; finished in 7.27s
