Filesystem      Size    Used   Avail Capacity iused ifree %iused  Mounted on
/dev/disk3s5   228Gi   180Gi    22Gi    90%    2.5M  230M    1%   /System/Volumes/Data
/dev/disk3s5   228Gi   180Gi    22Gi    90%    2.5M  230M    1%   /System/Volumes/Data
{"command": ["cargo", "test", "-p", "corrald", "--lib", "g492_", "--", "--nocapture"], "cwd": "/Users/jirathip/.herdr/worktrees/corral/impl492-gitplane", "raw_exit": 101, "timed_out": false, "elapsed_seconds": 30.358, "log": "/tmp/g492-mutation-poison-red.log", "target": "/tmp/g492-target"}
Filesystem      Size    Used   Avail Capacity iused ifree %iused  Mounted on
/dev/disk3s5   228Gi   181Gi    21Gi    90%    2.5M  222M    1%   /System/Volumes/Data
/dev/disk3s5   228Gi   181Gi    21Gi    90%    2.5M  222M    1%   /System/Volumes/Data
{"command": ["git", "diff", "--exit-code", "HEAD", "--", "src/adapters/git_plane.rs"], "cwd": "/Users/jirathip/.herdr/worktrees/corral/impl492-gitplane", "raw_exit": 0, "timed_out": false, "elapsed_seconds": 0.142, "log": "/tmp/g492-mutation-poison-restore.log", "target": "/tmp/g492-target"}
poison BEFORE 340c867d6b09e5c91a1f3d74b2d532425a2f776e92ee27059915dbb7610073bd  src/adapters/git_plane.rs
poison AFTER  340c867d6b09e5c91a1f3d74b2d532425a2f776e92ee27059915dbb7610073bd  src/adapters/git_plane.rs
Filesystem      Size    Used   Avail Capacity iused ifree %iused  Mounted on
/dev/disk3s5   228Gi   181Gi    21Gi    90%    2.5M  222M    1%   /System/Volumes/Data
/dev/disk3s5   228Gi   181Gi    21Gi    90%    2.5M  222M    1%   /System/Volumes/Data
{"command": ["cargo", "test", "-p", "corrald", "--lib", "g492_", "--", "--nocapture"], "cwd": "/Users/jirathip/.herdr/worktrees/corral/impl492-gitplane", "raw_exit": 0, "timed_out": false, "elapsed_seconds": 17.679, "log": "/tmp/g492-mutation-poison-green.log", "target": "/tmp/g492-target"}
Filesystem      Size    Used   Avail Capacity iused ifree %iused  Mounted on
/dev/disk3s5   228Gi   181Gi    21Gi    90%    2.5M  219M    1%   /System/Volumes/Data
/dev/disk3s5   228Gi   181Gi    21Gi    90%    2.5M  219M    1%   /System/Volumes/Data
{"command": ["cargo", "test", "-p", "corrald", "--lib", "g492_permit_queue_is_not_execution_budget_and_sweep_is_paced", "--", "--nocapture"], "cwd": "/Users/jirathip/.herdr/worktrees/corral/impl492-gitplane", "raw_exit": 101, "timed_out": false, "elapsed_seconds": 13.412, "log": "/tmp/g492-mutation-permit-red.log", "target": "/tmp/g492-target"}
Filesystem      Size    Used   Avail Capacity iused ifree %iused  Mounted on
/dev/disk3s5   228Gi   181Gi    21Gi    90%    2.5M  218M    1%   /System/Volumes/Data
/dev/disk3s5   228Gi   181Gi    21Gi    90%    2.5M  218M    1%   /System/Volumes/Data
{"command": ["git", "diff", "--exit-code", "HEAD", "--", "src/adapters/git_plane.rs"], "cwd": "/Users/jirathip/.herdr/worktrees/corral/impl492-gitplane", "raw_exit": 0, "timed_out": false, "elapsed_seconds": 0.019, "log": "/tmp/g492-mutation-permit-restore.log", "target": "/tmp/g492-target"}
permit BEFORE 340c867d6b09e5c91a1f3d74b2d532425a2f776e92ee27059915dbb7610073bd  src/adapters/git_plane.rs
permit AFTER  340c867d6b09e5c91a1f3d74b2d532425a2f776e92ee27059915dbb7610073bd  src/adapters/git_plane.rs
Filesystem      Size    Used   Avail Capacity iused ifree %iused  Mounted on
/dev/disk3s5   228Gi   181Gi    21Gi    90%    2.5M  218M    1%   /System/Volumes/Data
/dev/disk3s5   228Gi   181Gi    21Gi    90%    2.5M  218M    1%   /System/Volumes/Data
{"command": ["cargo", "test", "-p", "corrald", "--lib", "g492_permit_queue_is_not_execution_budget_and_sweep_is_paced", "--", "--nocapture"], "cwd": "/Users/jirathip/.herdr/worktrees/corral/impl492-gitplane", "raw_exit": 0, "timed_out": false, "elapsed_seconds": 22.141, "log": "/tmp/g492-mutation-permit-green.log", "target": "/tmp/g492-target"}
Filesystem      Size    Used   Avail Capacity iused ifree %iused  Mounted on
/dev/disk3s5   228Gi   181Gi    21Gi    90%    2.5M  216M    1%   /System/Volumes/Data
/dev/disk3s5   228Gi   181Gi    21Gi    90%    2.5M  216M    1%   /System/Volumes/Data
{"command": ["cargo", "test", "-p", "corrald", "--lib", "g492_snapshot_marks_old_absent_and_stopped_facts", "--", "--nocapture"], "cwd": "/Users/jirathip/.herdr/worktrees/corral/impl492-gitplane", "raw_exit": 101, "timed_out": false, "elapsed_seconds": 11.07, "log": "/tmp/g492-mutation-staleness-red.log", "target": "/tmp/g492-target"}
Filesystem      Size    Used   Avail Capacity iused ifree %iused  Mounted on
/dev/disk3s5   228Gi   181Gi    20Gi    90%    2.5M  215M    1%   /System/Volumes/Data
/dev/disk3s5   228Gi   181Gi    20Gi    90%    2.5M  215M    1%   /System/Volumes/Data
{"command": ["git", "diff", "--exit-code", "HEAD", "--", "src/core/store.rs"], "cwd": "/Users/jirathip/.herdr/worktrees/corral/impl492-gitplane", "raw_exit": 0, "timed_out": false, "elapsed_seconds": 0.052, "log": "/tmp/g492-mutation-staleness-restore.log", "target": "/tmp/g492-target"}
staleness BEFORE 2cae7ca9dde92c500e2677f86950e7ccb921a7db379a7c5839542f363c9b8be2  src/core/store.rs
staleness AFTER  2cae7ca9dde92c500e2677f86950e7ccb921a7db379a7c5839542f363c9b8be2  src/core/store.rs
Filesystem      Size    Used   Avail Capacity iused ifree %iused  Mounted on
/dev/disk3s5   228Gi   181Gi    20Gi    90%    2.5M  215M    1%   /System/Volumes/Data
/dev/disk3s5   228Gi   181Gi    20Gi    90%    2.5M  215M    1%   /System/Volumes/Data
{"command": ["cargo", "test", "-p", "corrald", "--lib", "g492_snapshot_marks_old_absent_and_stopped_facts", "--", "--nocapture"], "cwd": "/Users/jirathip/.herdr/worktrees/corral/impl492-gitplane", "raw_exit": 0, "timed_out": false, "elapsed_seconds": 8.385, "log": "/tmp/g492-mutation-staleness-green.log", "target": "/tmp/g492-target"}
G492_MUTATION_BATTERY_COMPLETE
