PROBE issue-324 2026-09-02T05:22:27Z
PROBE head: 58a41f0
   Compiling libc v0.2.189
   Compiling proc-macro2 v1.0.107
   Compiling quote v1.0.47
   Compiling unicode-ident v1.0.24
   Compiling zeroize v1.9.0
   Compiling cfg-if v1.0.4
   Compiling subtle v2.6.1
   Compiling typenum v1.20.1
   Compiling find-msvc-tools v0.1.11
   Compiling rand_core v0.10.1
   Compiling shlex v2.0.1
   Compiling log v0.4.33
   Compiling pin-project-lite v0.2.17
   Compiling getrandom v0.4.3
   Compiling pkg-config v0.3.34
   Compiling futures-core v0.3.34
   Compiling cmov v0.5.4
   Compiling once_cell v1.21.4
   Compiling bytes v1.12.1
   Compiling const-oid v0.10.2
   Compiling ctutils v0.4.2
   Compiling itoa v1.0.18
   Compiling stable_deref_trait v1.2.1
   Compiling core-foundation-sys v0.8.7
   Compiling bitflags v2.13.1
   Compiling futures-sink v0.3.34
   Compiling tracing-core v0.1.36
   Compiling fs_extra v1.3.0
   Compiling hybrid-array v0.4.14
   Compiling http v1.5.0
   Compiling slab v0.4.12
   Compiling dunce v1.0.5
   Compiling futures-channel v0.3.34
   Compiling autocfg v1.5.1
   Compiling smallvec v1.15.2
   Compiling memchr v2.8.3
   Compiling version_check v0.9.5
   Compiling futures-io v0.3.34
   Compiling num-traits v0.2.19
   Compiling futures-task v0.3.34
   Compiling writeable v0.6.4
   Compiling generic-array v0.14.7
   Compiling litemap v0.8.3
   Compiling base64ct v1.8.3
   Compiling block-buffer v0.12.1
   Compiling httparse v1.10.1
   Compiling aws-lc-rs v1.18.0
   Compiling utf8_iter v1.0.4
   Compiling icu_normalizer_data v2.3.0
   Compiling percent-encoding v2.3.2
   Compiling pem-rfc7468 v1.0.0
   Compiling serde_core v1.0.229
   Compiling http-body v1.1.0
   Compiling zerocopy v0.8.56
   Compiling getrandom v0.3.4
   Compiling icu_properties_data v2.3.0
   Compiling syn v3.0.3
   Compiling syn v2.0.119
   Compiling jobserver v0.1.35
   Compiling errno v0.3.14
   Compiling crypto-common v0.2.2
   Compiling cc v1.4.3
   Compiling signal-hook-registry v1.4.8
   Compiling mio v1.2.2
   Compiling socket2 v0.6.5
   Compiling der v0.8.1
   Compiling digest v0.11.3
   Compiling ff v0.14.0
   Compiling equivalent v1.0.2
   Compiling tower-service v0.3.3
   Compiling system-configuration-sys v0.6.0
   Compiling cpubits v0.1.1
   Compiling cmake v0.1.58
   Compiling hashbrown v0.17.1
   Compiling crypto-bigint v0.7.5
   Compiling aws-lc-sys v0.44.0
   Compiling indexmap v2.14.0
   Compiling rustls-pki-types v1.15.1
   Compiling atomic-waker v1.1.2
   Compiling vcpkg v0.2.15
   Compiling semver v1.0.28
   Compiling try-lock v0.2.5
   Compiling untrusted v0.9.0
   Compiling rustls v0.23.43
   Compiling fnv v1.0.7
   Compiling want v0.3.1
   Compiling rustc_version v0.4.1
   Compiling libz-sys v1.1.29
   Compiling rand_core v0.9.5
   Compiling spki v0.8.0
   Compiling group v0.14.0
   Compiling crypto-common v0.1.7
   Compiling block-buffer v0.10.4
   Compiling core-foundation v0.9.4
   Compiling security-framework-sys v2.17.0
   Compiling core-foundation v0.10.1
   Compiling form_urlencoded v1.2.2
   Compiling sync_wrapper v1.0.2
   Compiling httpdate v1.0.3
   Compiling serde v1.0.229
   Compiling thiserror v2.0.20
   Compiling tower-layer v0.3.3
   Compiling base16ct v1.0.0
   Compiling zmij v1.0.23
   Compiling sec1 v0.8.1
   Compiling security-framework v3.7.0
   Compiling system-configuration v0.7.0
   Compiling digest v0.10.7
   Compiling curve25519-dalek v5.0.0
   Compiling synstructure v0.13.2
   Compiling pkcs8 v0.11.0
   Compiling signature v3.0.0
   Compiling cpufeatures v0.2.17
   Compiling ipnet v2.12.1
   Compiling base64 v0.22.1
   Compiling serde_json v1.0.151
   Compiling zerovec-derive v0.11.4
   Compiling displaydoc v0.2.7
   Compiling tokio-macros v2.7.2
   Compiling futures-macro v0.3.34
   Compiling serde_derive v1.0.229
   Compiling thiserror-impl v2.0.20
   Compiling tokio v1.53.1
   Compiling sha1 v0.10.7
   Compiling elliptic-curve v0.14.1
   Compiling zerofrom-derive v0.1.7
   Compiling yoke-derive v0.8.2
   Compiling tracing-attributes v0.1.31
   Compiling futures-util v0.3.34
   Compiling libgit2-sys v0.18.8+1.9.7
   Compiling zerofrom v0.1.8
   Compiling hmac v0.13.0
   Compiling cpufeatures v0.3.0
   Compiling http-body-util v0.1.5
   Compiling yoke v0.8.3
   Compiling ppv-lite86 v0.2.21
   Compiling regex-syntax v0.8.11
   Compiling mime v0.3.17
   Compiling tracing v0.1.44
   Compiling rand_chacha v0.9.0
   Compiling data-encoding v2.11.1
   Compiling zerovec v0.11.7
   Compiling zerotrie v0.2.5
   Compiling rand v0.9.5
   Compiling tungstenite v0.29.0
   Compiling regex-automata v0.4.18
   Compiling sha2 v0.11.0
   Compiling tinystr v0.8.4
   Compiling icu_locale_core v2.3.0
   Compiling potential_utf v0.1.6
   Compiling icu_collections v2.3.0
   Compiling rfc6979 v0.6.0
   Compiling primefield v0.14.0
   Compiling wnaf v0.14.0
   Compiling keyring-core v1.0.0
   Compiling rustix v1.1.4
   Compiling same-file v1.0.6
   Compiling ryu v1.0.23
   Compiling lazy_static v1.5.0
   Compiling sharded-slab v0.1.7
   Compiling serde_urlencoded v0.7.1
   Compiling icu_provider v2.3.0
   Compiling apple-native-keyring-store v1.0.2
   Compiling walkdir v2.5.0
   Compiling icu_normalizer v2.3.0
   Compiling icu_properties v2.3.0
   Compiling primeorder v0.14.0
   Compiling ecdsa v0.17.0
   Compiling tokio-util v0.7.19
   Compiling tower v0.5.3
   Compiling tokio-tungstenite v0.29.0
   Compiling futures-executor v0.3.34
   Compiling matchers v0.2.0
   Compiling axum-core v0.5.6
   Compiling serde_path_to_error v0.1.20
   Compiling ed25519 v3.0.0
   Compiling fsevent-sys v4.1.0
   Compiling tracing-log v0.2.0
   Compiling h2 v0.4.16
   Compiling iana-time-zone v0.1.65
   Compiling notify-types v2.1.0
   Compiling thread_local v1.1.10
   Compiling encoding_rs v0.8.35
   Compiling matchit v0.8.4
   Compiling nu-ansi-term v0.50.3
   Compiling idna_adapter v1.2.2
   Compiling idna v1.1.0
   Compiling tracing-subscriber v0.3.23
   Compiling notify v8.2.0
   Compiling url v2.5.8
   Compiling chrono v0.4.45
   Compiling ed25519-dalek v3.0.0
   Compiling p256 v0.14.0
   Compiling futures v0.3.34
   Compiling keyring v4.1.6
   Compiling x25519-dalek v3.0.0
   Compiling tower-http v0.6.11
   Compiling fastrand v2.5.0
   Compiling base64 v0.23.1
   Compiling tempfile v3.27.0
   Compiling hyper v1.11.0
   Compiling hyper-util v0.1.20
   Compiling axum v0.8.9
   Compiling git2 v0.21.0
   Compiling rustls-webpki v0.103.14
   Compiling tokio-rustls v0.26.4
   Compiling rustls-platform-verifier v0.7.0
   Compiling hyper-rustls v0.27.9
   Compiling reqwest v0.13.4
   Compiling corrald v0.1.0 (/Users/jirathip/.herdr/worktrees/corral/g324-provider-rev-contract)
    Finished `test` profile [unoptimized + debuginfo] target(s) in 2m 00s
     Running unittests src/lib.rs (target/debug/deps/corrald-6a44856f339a4aa8)

running 1 test
PROBE first     request_bytes=105 response_bytes=20260 lines=200 source_rev=59
PROBE unchanged request_bytes=114 response_bytes=62 lines=0 source_rev=59
PROBE changed   request_bytes=114 response_bytes=20260 lines=200 source_rev=60
test adapters::herdr::tests::probe_read_tail_bytes_first_unchanged_changed ... ok

test result: ok. 1 passed; 0 failed; 0 ignored; 0 measured; 320 filtered out; finished in 0.03s

PROBE_EXIT=0
