⚙️  Generating plists...
⚙️  Generating project...
⚙️  Writing project...
Created project at /Users/jirathip/.herdr/worktrees/corral/g574-pager-perf/ios/FleetNotifier.xcodeproj
XCODEGEN_EXIT=0
 ios/FleetNotifier/UI/Herd/HerdView.swift          | 141 ++++++++++++++++------
 ios/FleetNotifierUITests/HerdPagerPerfTests.swift | 113 ++++++++++++-----
 ios/check-release-demo.py                         |   9 +-
 3 files changed, 197 insertions(+), 66 deletions(-)
diff --git a/ios/FleetNotifier/UI/Herd/HerdView.swift b/ios/FleetNotifier/UI/Herd/HerdView.swift
index bb1523f..5f14721 100644
--- a/ios/FleetNotifier/UI/Herd/HerdView.swift
+++ b/ios/FleetNotifier/UI/Herd/HerdView.swift
@@ -33,7 +33,16 @@ struct HerdView: View {
     @StateObject private var location = HerdLocation()
     @State var sceneID = UUID()
     @State var paddockID: String?
-    @State var scroll: CGFloat = 0
+    /// #574: the horizontal pager offset is published through a channel that
+    /// ONLY the ranch layer observes (`HerdRanchLayer`). Held in plain @State
+    /// (no objectWillChange subscription up here), so a scroll tick stops
+    /// re-running this body — and with it every realized paddock's rows, the
+    /// edge geometry and every art-bound evaluation. The offset previously
+    /// lived in `@State var scroll`, which made each horizontal tick rebuild
+    /// the whole herd; `scroll` remains the read-only accessor for the
+    /// evidence recorders.
+    @State private var pagerScroll = HerdScrollChannel()
+    var scroll: CGFloat { pagerScroll.offset }
     @State private var now = Date()
     @State private var timeRevision = 0
     @State private var dragging = false
@@ -154,9 +163,12 @@ struct HerdView: View {
         ZStack {
             GeometryReader { screen in
                 HerdRanchCover {
-                    RanchEnvironment(night:lighting.night,scroll:scroll,
-                                     maxScroll:CGFloat(max(0,paddocks.count-1))*screen.size.width,
-                                     elapsed:elapsed,reduceMotion:!motionEnabled)
+                    // #574: only this layer observes the pager offset, so a
+                    // horizontal tick re-renders the ranch alone — never the
+                    // herd body above it.
+                    HerdRanchLayer(channel:pagerScroll,night:lighting.night,
+                                   maxScroll:CGFloat(max(0,paddocks.count-1))*screen.size.width,
+                                   elapsed:elapsed,reduceMotion:!motionEnabled)
                 }
             }
             .ignoresSafeArea()
@@ -489,7 +501,12 @@ struct HerdView: View {
     private func pager(width:CGFloat,viewport:CGRect) -> some View {
         ScrollView(.horizontal) {
             LazyHStack(spacing:0) {
-                ForEach(paddocks) { paddock in
+                // #574: the page index is carried by the enumeration, so the
+                // per-page background never re-derives the projection (the old
+                // `paddocks.firstIndex` re-ran the whole grouping/sort for
+                // every page on every geometry update — a horizontal scroll
+                // evaluates this background per frame).
+                ForEach(Array(paddocks.enumerated()), id:\.element.id) { index,paddock in
                     Group {
                         if dynamicType.isAccessibilitySize {
                             paddockField(paddock,width:width,viewport:viewport)
@@ -505,7 +522,6 @@ struct HerdView: View {
 #if DEBUG
                             let _ = HerdPerf574.tick(.pagerPageGeometry)
 #endif
-                            let index = paddocks.firstIndex { $0.id == paddock.id } ?? 0
                             Color.clear.preference(key:HerdScrollOffset.self,
                                 value:CGFloat(index)*width-proxy.frame(in:.named("herdPager")).minX)
                         })
@@ -518,7 +534,7 @@ struct HerdView: View {
         .scrollTargetBehavior(.paging)
         .scrollPosition(id:$paddockID)
         .scrollIndicators(.hidden)
-        .modifier(HerdScrollTracking(offset: $scroll))
+        .modifier(HerdScrollTracking(offset: $pagerScroll.offset))
         .simultaneousGesture(DragGesture().onChanged { _ in dragging = true }.onEnded { _ in dragging = false })
     }
     /// #456: compact floating paddock navigation above the home indicator —
@@ -793,38 +809,21 @@ struct HerdPaddockScroll<Content:View>: View {
     var body: some View {
         GeometryReader { visible in
             let columns = HerdEdgeGeometry.columns(width:visible.size.width)
-            let starts = Array(stride(from:0,to:horses.count,by:columns))
             let space = "herd-rows-"+paddockID
-            let viewport = visible.frame(in:.global)
+            // #574: canonical viewport (the unused x pinned to 0), so a
+            // horizontal pager slide does not change the value the rows
+            // receive — the row stack below is then frame-stable and the
+            // per-frame reader pass stops rebuilding it. Edge opacity only
+            // reads minY/maxY/height, so the pinned x is not observable.
+            let viewport = CGRect(x:0,y:visible.frame(in:.global).minY,
+                                  width:visible.size.width,height:visible.size.height)
             ScrollViewReader { reader in
                 ScrollView(.vertical) {
                     // Eager rows are deliberate: a fast flick's proposed target
                     // needs measured distant rows, not a lazy grid's estimates.
-                    VStack(spacing:0) {
-                        ForEach(starts,id:\.self) { start in
-                            HStack(spacing:6) {
-                                ForEach(0..<columns,id:\.self) { column in
-                                    if start+column < horses.count {
-                                        horse(horses[start+column],visible.frame(in:.global))
-                                            .frame(maxWidth:.infinity)
-                                    } else {
-                                        Color.clear.frame(maxWidth:.infinity).accessibilityHidden(true)
-                                    }
-                                }
-                            }
-                            .padding(.top,HerdEdgeGeometry.inset)
-                            .id(start)
-                            .background(GeometryReader { row in
-                                Color.clear.preference(key:HerdRowFrames.self,value:[start:row.frame(in:.named(space))])
-                                    .preference(key:HerdContentOffset.self,
-                                        value:start == 0 ? [0:viewport.minY-row.frame(in:.global).minY] : [:])
-                            })
-                        }
-                    }
-                    .padding(.bottom,HerdEdgeGeometry.bottomPadding(
-                        lastRowHeight:frames[starts.last ?? 0]?.height ?? visible.size.height,
-                        viewportHeight:visible.size.height))
-                    .coordinateSpace(name:space)
+                    HerdFieldRowStack(horses:horses,columns:columns,space:space,
+                                      viewport:viewport,viewportHeight:visible.size.height,
+                                      frames:frames,content:horse)
                 }
                 .accessibilityIdentifier("herd-field-"+paddockID)
                 .scrollTargetBehavior(HerdRowSnap(rows:frames.sorted { $0.key < $1.key }.map(\.value)))
@@ -860,6 +859,55 @@ struct HerdPaddockScroll<Content:View>: View {
     }
 }
 
+/// #574: the field's eager row stack, hoisted out of `HerdPaddockScroll`'s
+/// GeometryReader body. A GeometryReader re-evaluates its content whenever the
+/// geometry it provides changes, and inside the pager every page's field
+/// geometry changes on every frame of a horizontal slide — which used to
+/// rebuild every row (art bounds, edge groups, two content passes per row) per
+/// frame even though nothing the rows draw had changed. With the rows here,
+/// whose inputs are frame-stable (the viewport's unused x is pinned), the
+/// per-frame reader pass no longer re-renders them. Vertical scrolling still
+/// updates rows through the measured row frames, exactly as before.
+private struct HerdFieldRowStack<Content: View>: View {
+    let horses: [HerdHorse]
+    let columns: Int
+    let space: String
+    let viewport: CGRect
+    let viewportHeight: CGFloat
+    let frames: [Int: CGRect]
+    let content: (HerdHorse, CGRect) -> Content
+
+    private var starts: [Int] { Array(stride(from:0,to:horses.count,by:columns)) }
+
+    var body: some View {
+        VStack(spacing:0) {
+            ForEach(starts,id:\.self) { start in
+                HStack(spacing:6) {
+                    ForEach(0..<columns,id:\.self) { column in
+                        if start+column < horses.count {
+                            content(horses[start+column],viewport)
+                                .frame(maxWidth:.infinity)
+                        } else {
+                            Color.clear.frame(maxWidth:.infinity).accessibilityHidden(true)
+                        }
+                    }
+                }
+                .padding(.top,HerdEdgeGeometry.inset)
+                .id(start)
+                .background(GeometryReader { row in
+                    Color.clear.preference(key:HerdRowFrames.self,value:[start:row.frame(in:.named(space))])
+                        .preference(key:HerdContentOffset.self,
+                            value:start == 0 ? [0:viewport.minY-row.frame(in:.global).minY] : [:])
+                })
+            }
+        }
+        .padding(.bottom,HerdEdgeGeometry.bottomPadding(
+            lastRowHeight:frames[starts.last ?? 0]?.height ?? viewportHeight,
+            viewportHeight:viewportHeight))
+        .coordinateSpace(name:space)
+    }
+}
+
 #if DEBUG
 /// Geometry from the rendered production views, not a parallel layout model.
 struct HerdRailFrames: PreferenceKey {
@@ -1137,6 +1185,31 @@ extension HerdView {
 }
 #endif
 
+/// #574: the pager scroll-offset channel. Writes come from
+/// `HerdScrollTracking` on the pager; the only observer is `HerdRanchLayer`
+/// below, which keeps the parallax behaviour while a scroll tick leaves the
+/// herd body (rows, projections, edge geometry) untouched.
+@MainActor final class HerdScrollChannel: ObservableObject {
+    @Published var offset: CGFloat = 0
+}
+
+/// #574: the scroll-offset observation boundary for the ranch parallax. This
+/// view (and the six `RanchEnvironment` planes it owns) is the entire
+/// re-render cost of a horizontal tick; the painted scene, per-plane parallax
+/// offsets and the #530/#459 ambient behaviour are unchanged because the same
+/// `RanchEnvironment` inputs are passed through.
+private struct HerdRanchLayer: View {
+    @ObservedObject var channel: HerdScrollChannel
+    let night: Bool
+    let maxScroll: CGFloat
+    let elapsed: Double
+    let reduceMotion: Bool
+    var body: some View {
+        RanchEnvironment(night:night,scroll:channel.offset,maxScroll:maxScroll,
+                         elapsed:elapsed,reduceMotion:reduceMotion)
+    }
+}
+
 struct HerdScrollOffset: PreferenceKey {
     static var defaultValue: CGFloat = 0
     static func reduce(value:inout CGFloat,nextValue:() -> CGFloat) { value = nextValue() }
diff --git a/ios/FleetNotifierUITests/HerdPagerPerfTests.swift b/ios/FleetNotifierUITests/HerdPagerPerfTests.swift
index 94c45ad..f55576e 100644
--- a/ios/FleetNotifierUITests/HerdPagerPerfTests.swift
+++ b/ios/FleetNotifierUITests/HerdPagerPerfTests.swift
@@ -3,26 +3,33 @@ import XCTest
 /// #574 pager-perf battery. Real input (swipes, taps), never scroll-offset
 /// pokes. SKIPPED unless the on-demand marker `CORRAL574_PERF=1` is present in
 /// the runner's environment, so the shared scheme's bare `xcodebuild test`
-/// (CI) skips it. The harness sets that marker on the SIMULATOR's launchd
-/// environment (`xcrun simctl launchctl setenv CORRAL574_PERF 1`) because
-/// xcodebuild does not forward the shell environment to the test runner:
+/// (CI) skips it. xcodebuild does not forward the shell environment to the
+/// test runner, but variables prefixed `TEST_RUNNER_` are forwarded with the
+/// prefix stripped, so the on-demand invocation is:
 ///
-///   xcrun simctl launchctl setenv CORRAL574_PERF 1
 ///   TEST_RUNNER_CORRAL574_PERF=1 HERDR_XCODEBUILD_DIRECT=1 HERMES_SIM_TASK_ACTIVE=1 \
 ///   xcodebuild test -project ios/FleetNotifier.xcodeproj -scheme FleetNotifier \
 ///     -destination "platform=iOS Simulator,id=<udid>" -derivedDataPath /tmp/fn574-dd \
 ///     -only-testing:FleetNotifierUITests/HerdPagerPerfTests
-///   xcrun simctl launchctl unsetenv CORRAL574_PERF
 ///
 /// The app-under-test runs `-corralHerdEvidence -corral574Perf`: the sized
 /// pager fixture (40 agents / 12 repositories, page 1 = atlas-vector, pages in
-/// promo-then-alphabetical order), the parked scene clock, and the
-/// `g574-perf-dump` control. Each phase ends with a dump tap; the app writes
-/// `Documents/herd-perf/574-<seq>-on-demand.json` and mirrors the same JSON
-/// into the `g574-perf-state` accessibility value, which this runner prints
-/// between G574_DUMP_BEGIN/END markers. The host script copies the Documents
-/// files out of the app container, so the raw records do not depend on log
-/// parsing; the log carries the phase -> seq mapping.
+/// the fixture's documented deterministic order), the parked scene clock, and
+/// the `g574-perf-dump` control. Each phase ends with a dump tap; the app
+/// writes `Documents/herd-perf/574-<seq>-on-demand.json` and mirrors the same
+/// JSON into the `g574-perf-state` accessibility value, which this runner
+/// prints between G574_DUMP_BEGIN/END markers. The host script copies the
+/// Documents files out of the app container, so the raw records do not depend
+/// on log parsing; the log carries the phase -> seq mapping.
+///
+/// Gesture targeting (#574 harness fix, preserved from the killed lane): the
+/// horizontal pager is driven with coordinate press-drags in the app's root
+/// space (the same real-input pattern as HerdEdgeGestureTests.drag) — a swipe
+/// on a *page's* field element fails the moment that page is offscreen
+/// ("visible frame is empty"). Button taps re-resolve each turn against the
+/// fixture's page order. Every turn waits for the target page's field to be
+/// settled before the next input, so the swipe/button gestures measure the
+/// page turn itself, not torn animation frames.
 final class HerdPagerPerfTests: XCTestCase {
     private struct Dump: Decodable {
         let seq: Int
@@ -33,9 +40,11 @@ final class HerdPagerPerfTests: XCTestCase {
     }
 
     private let pageTurns = 6
-    private let fieldID = "herd-field-repo:atlas-vector"
-    /// Page 7 of the fixture's promo-then-alphabetical order (12 repos).
-    private let pageSevenFieldID = "herd-field-repo:elder-docs"
+    /// Fixture page order (HerdEvidence.pagerRepoShape; both A/B arms seed the
+    /// same shape).
+    private let pageOrder = ["atlas-vector", "birch-daemon", "cedar-tools", "maple-client",
+                             "willow-core", "aspen-fixtures", "elder-docs", "hawthorn-ops",
+                             "hazel-wire", "juniper-ui", "rowan-crates", "sumac-ios"]
 
     override func setUpWithError() throws {
         continueAfterFailure = false
@@ -56,23 +65,27 @@ final class HerdPagerPerfTests: XCTestCase {
         // nav pill's own label overrides its children, so the position text is
         // not individually addressable).
         XCTAssertTrue(waitOnFirstPage(app), "fixture did not park on page 1")
-        let field = app.scrollViews[fieldID]
-        XCTAssertTrue(field.waitForExistence(timeout: 60), "page-1 field missing")
+        XCTAssertTrue(waitForPage(app, 0), "page-1 field did not settle")
 
         Thread.sleep(forTimeInterval: 2.0)
         _ = try dump(app, state: state, button: dumpButton, phase: "t0-settle")
 
-        // t1: N horizontal page turns right (real swipes on the page-1 field;
-        // the vertical field does not consume a horizontal drag).
-        for _ in 0..<pageTurns { field.swipeLeft(velocity: .slow) }
+        // t1: N horizontal page turns right (real press-drags in the app's
+        // root space; the vertical field does not consume a horizontal drag).
+        for page in 0..<pageTurns {
+            turnPage(app, right: true)
+            XCTAssertTrue(waitForPage(app, page + 1), "t1 turn \(page + 1) did not settle")
+        }
         Thread.sleep(forTimeInterval: 1.5)
-        XCTAssertTrue(app.scrollViews[pageSevenFieldID].waitForExistence(timeout: 30),
-                      "t1 did not reach page 7")
+        XCTAssertTrue(app.scrollViews["herd-field-repo:" + pageOrder[pageTurns]].exists,
+                      "t1 did not reach page \(pageTurns + 1)")
         _ = try dump(app, state: state, button: dumpButton, phase: "t1-swipe-right")
 
         // t2: N page turns back left.
-        let pageSeven = app.scrollViews[pageSevenFieldID]
-        for _ in 0..<pageTurns { pageSeven.swipeRight(velocity: .slow) }
+        for page in stride(from: pageTurns, to: 0, by: -1) {
+            turnPage(app, right: false)
+            XCTAssertTrue(waitForPage(app, page - 1), "t2 turn back to page \(page) did not settle")
+        }
         Thread.sleep(forTimeInterval: 1.5)
         XCTAssertTrue(waitOnFirstPage(app), "t2 did not return to page 1")
         _ = try dump(app, state: state, button: dumpButton, phase: "t2-swipe-left")
@@ -82,26 +95,39 @@ final class HerdPagerPerfTests: XCTestCase {
         let next = app.buttons["herd-next"]
         let previous = app.buttons["herd-previous"]
         XCTAssertTrue(next.waitForExistence(timeout: 30))
-        for _ in 0..<pageTurns { next.tap() }
+        for page in 0..<pageTurns {
+            next.tap()
+            XCTAssertTrue(waitForPage(app, page + 1), "t3 Next tap did not reach page \(page + 2)")
+        }
         Thread.sleep(forTimeInterval: 1.5)
-        XCTAssertTrue(app.scrollViews[pageSevenFieldID].waitForExistence(timeout: 30),
-                      "t3 Next taps did not reach page 7")
-        XCTAssertTrue(previous.isEnabled, "t3 Previous must be enabled on page 7")
-        for _ in 0..<pageTurns { previous.tap() }
+        XCTAssertTrue(previous.isEnabled, "t3 Previous must be enabled on page \(pageTurns + 1)")
+        for page in stride(from: pageTurns, to: 0, by: -1) {
+            previous.tap()
+            XCTAssertTrue(waitForPage(app, page - 1), "t3 Previous tap did not return to page \(page)")
+        }
         Thread.sleep(forTimeInterval: 1.5)
         XCTAssertTrue(waitOnFirstPage(app), "t3 Previous taps did not return to page 1")
         _ = try dump(app, state: state, button: dumpButton, phase: "t3-buttons")
 
         // t4: the vertical control — M vertical swipes inside page 1's field.
         // Page 1 holds 12 agents (10 field rows), so the field really scrolls.
-        let control = app.scrollViews[fieldID]
+        let control = app.scrollViews["herd-field-repo:" + pageOrder[0]]
         for _ in 0..<3 { control.swipeUp(velocity: .slow) }
         for _ in 0..<3 { control.swipeDown(velocity: .slow) }
         Thread.sleep(forTimeInterval: 1.5)
         _ = try dump(app, state: state, button: dumpButton, phase: "t4-vertical-control")
 
         // t5: the sheet leg — open a horse's recents sheet, scroll it, close.
-        let horseRow = app.buttons["herd-horse-::herdr:pager-fixture-0"]
+        // The vertical control leg may leave the field mid-scroll; reveal the
+        // first row AFTER the t4 dump so the recovery swipes are not counted.
+        // The row is addressed type-agnostically: build 32 exposes it as a
+        // Button (the #568 semantic row overlay), build 31 as an .other
+        // element (accessibilityElement(children:.ignore) on the row Button).
+        let horseRow = app.descendants(matching: .any)
+            .matching(identifier: "herd-horse-::herdr:pager-fixture-0").firstMatch
+        for _ in 0..<6 where !(horseRow.exists && horseRow.isHittable) {
+            control.swipeDown(velocity: .slow)
+        }
         XCTAssertTrue(horseRow.waitForExistence(timeout: 30), "first horse row missing")
         horseRow.tap()
         let done = app.buttons["Done"]
@@ -116,6 +142,31 @@ final class HerdPagerPerfTests: XCTestCase {
         print("G574_BATTERY_END epoch=\(Date().timeIntervalSince1970)")
     }
 
+    /// A real horizontal press-drag across the pager's live region (the app's
+    /// root coordinate space, mid-height), the HerdEdgeGestureTests.drag
+    /// shape: press, slow drag, short hold to settle the paging transaction.
+    private func turnPage(_ app: XCUIApplication, right: Bool) {
+        let start = app.coordinate(withNormalizedOffset: CGVector(dx: right ? 0.85 : 0.15, dy: 0.5))
+        let end = app.coordinate(withNormalizedOffset: CGVector(dx: right ? 0.15 : 0.85, dy: 0.5))
+        start.press(forDuration: 0.1, thenDragTo: end, withVelocity: .slow, thenHoldForDuration: 0.15)
+    }
+
+    /// The target page's field is settled: its midpoint sits inside the app's
+    /// frame (the pager has finished its paging animation).
+    private func waitForPage(_ app: XCUIApplication, _ index: Int, timeout: TimeInterval = 20) -> Bool {
+        guard index >= 0 && index < pageOrder.count else { return false }
+        let element = app.scrollViews["herd-field-repo:" + pageOrder[index]]
+        let deadline = Date().addingTimeInterval(timeout)
+        while Date() < deadline {
+            if element.exists && element.frame.width > 10 {
+                let midpoint = CGPoint(x: element.frame.midX, y: element.frame.midY)
+                if app.frame.insetBy(dx: 8, dy: 0).contains(midpoint) { return true }
+            }
+            Thread.sleep(forTimeInterval: 0.2)
+        }
+        return false
+    }
+
     /// Page-1 landmark: Previous is disabled on the first paddock.
     private func waitOnFirstPage(_ app: XCUIApplication) -> Bool {
         let previous = app.buttons["herd-previous"]
diff --git a/ios/check-release-demo.py b/ios/check-release-demo.py
index 82e221e..0c9a671 100644
--- a/ios/check-release-demo.py
+++ b/ios/check-release-demo.py
@@ -582,7 +582,14 @@ APPROVED_RELEASE_SOURCE_DIGEST = (
     # capsule and state label), state panels scroll inside the content area
     # and paint no #428 backing on the header's 16/10 grid; computed with
     # release_source_digest over the #569 set.
-    "baa735b0a83d876e4e3a6ce23fc8bcc867eec04dd553f139577fd962bbc78527"
+    # #574: pager-perf instrumentation (Demo/HerdEvidence counters + fixture,
+    # HerdView/RanchEnvironment increment sites) and the measured-pager fix
+    # (the horizontal scroll offset moves off HerdView's @State into a channel
+    # only the ranch layer observes; the pager page index is enumerated rather
+    # than re-projecting per page; the field's eager row stack is hoisted out of
+    # the per-frame GeometryReader body) — re-pinned over the measured-pager
+    # sources.
+    "6a61a9f96c74ea740665957c320f8bf2eb385cfec23180368608d88a321c4e3e"
 )
 APPROVED_TEST_SOURCE_DIGEST = (
     # #401: MultiHostHostFilterModelTests (D1 defaults/session-only, filter reconcile, reorder/rename, N2 removed-host probes), MultiHostBoardProjectionTests (D2-D7 pure projections), MultiHostSurfaceWiringTests (host-row guard, stale markers, Settings D7/F2, B3 prefill) — re-pinned.
DIFF_EXIT=1
