HEAD=daa2288bfebb3b41dd9a4a619ee9221db6a38517 2026-09-17T11:35:18Z
    Finished `test` profile [unoptimized + debuginfo] target(s) in 0.73s
     Running tests/gh_plane.rs (target/debug/deps/gh_plane-dac870d069710de0)

running 2 tests
test g563_credential_shaped_refs_never_reach_the_wire ... ok
test g563_credential_shaped_refs_still_bind_and_never_egress ... ok

test result: ok. 2 passed; 0 failed; 0 ignored; 0 measured; 15 filtered out; finished in 0.14s

GH_PLANE_G563_EXIT=0
    Finished `test` profile [unoptimized + debuginfo] target(s) in 0.66s
     Running tests/integration.rs (target/debug/deps/integration-06e07254ebaeed52)

running 1 test
test credential_shaped_refs_bind_via_hashed_identity_and_never_egress ... ok

test result: ok. 1 passed; 0 failed; 0 ignored; 0 measured; 16 filtered out; finished in 0.03s

INTEGRATION_CREDENTIAL_SHAPED_EXIT=0
    Finished `test` profile [unoptimized + debuginfo] target(s) in 0.79s
     Running unittests src/lib.rs (target/debug/deps/corrald-8e911e71c9133835)

running 1 test
test adapters::gh_plane::tests::g563_credential_shaped_refs_are_hashed_not_exempt ... ok

test result: ok. 1 passed; 0 failed; 0 ignored; 0 measured; 327 filtered out; finished in 0.00s

     Running unittests src/lib.rs (target/debug/deps/corrald_client-575dae7e7eecb557)

running 0 tests

test result: ok. 0 passed; 0 failed; 0 ignored; 0 measured; 14 filtered out; finished in 0.00s

LIB_G563_EXIT=0
