   Compiling corrald v0.1.0 (/Users/jirathip/.herdr/worktrees/corral/impl563-hashedid)
    Finished `test` profile [unoptimized + debuginfo] target(s) in 3.99s
     Running tests/gh_plane.rs (target/debug/deps/gh_plane-dac870d069710de0)

running 2 tests
test g563_credential_shaped_refs_never_reach_the_wire ... FAILED
test g563_credential_shaped_refs_still_bind_and_never_egress ... FAILED

failures:

---- g563_credential_shaped_refs_never_reach_the_wire stdout ----

thread 'g563_credential_shaped_refs_never_reach_the_wire' (15754121) panicked at tests/gh_plane.rs:1219:9:
assertion `left == right` failed: wire headRefName for sendmeter
  left: "test-ghp_FAKE563BranchAbCdEf123456"
 right: "[REDACTED:sha256:2bf52de77c710de3c622965953d93edb455b29d1ed2eec468b2d3089ce2a1c68]"
note: run with `RUST_BACKTRACE=1` environment variable to display a backtrace

---- g563_credential_shaped_refs_still_bind_and_never_egress stdout ----

thread 'g563_credential_shaped_refs_still_bind_and_never_egress' (15754122) panicked at tests/gh_plane.rs:1365:5:
assertion `left == right` failed: the credential-shaped local branch is redacted
  left: Some("test-ghp_FAKE563BranchAbCdEf123456")
 right: Some("[REDACTED:sha256:2bf52de77c710de3c622965953d93edb455b29d1ed2eec468b2d3089ce2a1c68]")


failures:
    g563_credential_shaped_refs_never_reach_the_wire
    g563_credential_shaped_refs_still_bind_and_never_egress

test result: FAILED. 0 passed; 2 failed; 0 ignored; 0 measured; 15 filtered out; finished in 0.03s

error: test failed, to rerun pass `-p corrald --test gh_plane`
