Corral #427 deterministic capture log
renderer: /Users/jirathip/Library/Caches/ms-playwright/chromium_headless_shell-1234/chrome-headless-shell-mac-arm64/chrome-headless-shell
command shape: chrome-headless-shell --headless --force-device-scale-factor=1 --window-size=W,H --screenshot=OUT file:///index.html?capture=1&...
requested: 175
completed: 175
failures: 0

rendered: screenshots/accessibility/variant-a__palette-latte__width-390x844__state-both-filters__dynamic-type-accessibility.png
rendered: screenshots/accessibility/variant-a__palette-mocha__width-375x812__state-both-filters__dynamic-type-accessibility.png
rendered: screenshots/accessibility/variant-b__palette-latte__width-390x844__state-both-filters__dynamic-type-accessibility.png
rendered: screenshots/accessibility/variant-b__palette-mocha__width-375x812__state-both-filters__dynamic-type-accessibility.png
rendered: screenshots/accessibility/variant-c__palette-latte__width-390x844__state-both-filters__dynamic-type-accessibility.png
rendered: screenshots/accessibility/variant-c__palette-mocha__width-375x812__state-both-filters__dynamic-type-accessibility.png
rendered: screenshots/comparison/abc-comparison__palette-mocha__width-1440x1080.png
rendered: screenshots/matrix/variant-a__palette-frappe__width-375x812__state-both-filters.png
rendered: screenshots/matrix/variant-a__palette-frappe__width-375x812__state-connecting-host.png
rendered: screenshots/matrix/variant-a__palette-frappe__width-375x812__state-host-only.png
rendered: screenshots/matrix/variant-a__palette-frappe__width-375x812__state-offline-stale-host.png
rendered: screenshots/matrix/variant-a__palette-frappe__width-375x812__state-populated.png
rendered: screenshots/matrix/variant-a__palette-frappe__width-375x812__state-repository-only.png
rendered: screenshots/matrix/variant-a__palette-frappe__width-375x812__state-zero-results.png
rendered: screenshots/matrix/variant-a__palette-frappe__width-390x844__state-both-filters.png
rendered: screenshots/matrix/variant-a__palette-frappe__width-390x844__state-connecting-host.png
rendered: screenshots/matrix/variant-a__palette-frappe__width-390x844__state-host-only.png
rendered: screenshots/matrix/variant-a__palette-frappe__width-390x844__state-offline-stale-host.png
rendered: screenshots/matrix/variant-a__palette-frappe__width-390x844__state-populated.png
rendered: screenshots/matrix/variant-a__palette-frappe__width-390x844__state-repository-only.png
rendered: screenshots/matrix/variant-a__palette-frappe__width-390x844__state-zero-results.png
rendered: screenshots/matrix/variant-a__palette-latte__width-375x812__state-both-filters.png
rendered: screenshots/matrix/variant-a__palette-latte__width-375x812__state-connecting-host.png
rendered: screenshots/matrix/variant-a__palette-latte__width-375x812__state-host-only.png
rendered: screenshots/matrix/variant-a__palette-latte__width-375x812__state-offline-stale-host.png
rendered: screenshots/matrix/variant-a__palette-latte__width-375x812__state-populated.png
rendered: screenshots/matrix/variant-a__palette-latte__width-375x812__state-repository-only.png
rendered: screenshots/matrix/variant-a__palette-latte__width-375x812__state-zero-results.png
rendered: screenshots/matrix/variant-a__palette-latte__width-390x844__state-both-filters.png
rendered: screenshots/matrix/variant-a__palette-latte__width-390x844__state-connecting-host.png
rendered: screenshots/matrix/variant-a__palette-latte__width-390x844__state-host-only.png
rendered: screenshots/matrix/variant-a__palette-latte__width-390x844__state-offline-stale-host.png
rendered: screenshots/matrix/variant-a__palette-latte__width-390x844__state-populated.png
rendered: screenshots/matrix/variant-a__palette-latte__width-390x844__state-repository-only.png
rendered: screenshots/matrix/variant-a__palette-latte__width-390x844__state-zero-results.png
rendered: screenshots/matrix/variant-a__palette-macchiato__width-375x812__state-both-filters.png
rendered: screenshots/matrix/variant-a__palette-macchiato__width-375x812__state-connecting-host.png
rendered: screenshots/matrix/variant-a__palette-macchiato__width-375x812__state-host-only.png
rendered: screenshots/matrix/variant-a__palette-macchiato__width-375x812__state-offline-stale-host.png
rendered: screenshots/matrix/variant-a__palette-macchiato__width-375x812__state-populated.png
rendered: screenshots/matrix/variant-a__palette-macchiato__width-375x812__state-repository-only.png
rendered: screenshots/matrix/variant-a__palette-macchiato__width-375x812__state-zero-results.png
rendered: screenshots/matrix/variant-a__palette-macchiato__width-390x844__state-both-filters.png
rendered: screenshots/matrix/variant-a__palette-macchiato__width-390x844__state-connecting-host.png
rendered: screenshots/matrix/variant-a__palette-macchiato__width-390x844__state-host-only.png
rendered: screenshots/matrix/variant-a__palette-macchiato__width-390x844__state-offline-stale-host.png
rendered: screenshots/matrix/variant-a__palette-macchiato__width-390x844__state-populated.png
rendered: screenshots/matrix/variant-a__palette-macchiato__width-390x844__state-repository-only.png
rendered: screenshots/matrix/variant-a__palette-macchiato__width-390x844__state-zero-results.png
rendered: screenshots/matrix/variant-a__palette-mocha__width-375x812__state-both-filters.png
rendered: screenshots/matrix/variant-a__palette-mocha__width-375x812__state-connecting-host.png
rendered: screenshots/matrix/variant-a__palette-mocha__width-375x812__state-host-only.png
rendered: screenshots/matrix/variant-a__palette-mocha__width-375x812__state-offline-stale-host.png
rendered: screenshots/matrix/variant-a__palette-mocha__width-375x812__state-populated.png
rendered: screenshots/matrix/variant-a__palette-mocha__width-375x812__state-repository-only.png
rendered: screenshots/matrix/variant-a__palette-mocha__width-375x812__state-zero-results.png
rendered: screenshots/matrix/variant-a__palette-mocha__width-390x844__state-both-filters.png
rendered: screenshots/matrix/variant-a__palette-mocha__width-390x844__state-connecting-host.png
rendered: screenshots/matrix/variant-a__palette-mocha__width-390x844__state-host-only.png
rendered: screenshots/matrix/variant-a__palette-mocha__width-390x844__state-offline-stale-host.png
rendered: screenshots/matrix/variant-a__palette-mocha__width-390x844__state-populated.png
rendered: screenshots/matrix/variant-a__palette-mocha__width-390x844__state-repository-only.png
rendered: screenshots/matrix/variant-a__palette-mocha__width-390x844__state-zero-results.png
rendered: screenshots/matrix/variant-b__palette-frappe__width-375x812__state-both-filters.png
rendered: screenshots/matrix/variant-b__palette-frappe__width-375x812__state-connecting-host.png
rendered: screenshots/matrix/variant-b__palette-frappe__width-375x812__state-host-only.png
rendered: screenshots/matrix/variant-b__palette-frappe__width-375x812__state-offline-stale-host.png
rendered: screenshots/matrix/variant-b__palette-frappe__width-375x812__state-populated.png
rendered: screenshots/matrix/variant-b__palette-frappe__width-375x812__state-repository-only.png
rendered: screenshots/matrix/variant-b__palette-frappe__width-375x812__state-zero-results.png
rendered: screenshots/matrix/variant-b__palette-frappe__width-390x844__state-both-filters.png
rendered: screenshots/matrix/variant-b__palette-frappe__width-390x844__state-connecting-host.png
rendered: screenshots/matrix/variant-b__palette-frappe__width-390x844__state-host-only.png
rendered: screenshots/matrix/variant-b__palette-frappe__width-390x844__state-offline-stale-host.png
rendered: screenshots/matrix/variant-b__palette-frappe__width-390x844__state-populated.png
rendered: screenshots/matrix/variant-b__palette-frappe__width-390x844__state-repository-only.png
rendered: screenshots/matrix/variant-b__palette-frappe__width-390x844__state-zero-results.png
rendered: screenshots/matrix/variant-b__palette-latte__width-375x812__state-both-filters.png
rendered: screenshots/matrix/variant-b__palette-latte__width-375x812__state-connecting-host.png
rendered: screenshots/matrix/variant-b__palette-latte__width-375x812__state-host-only.png
rendered: screenshots/matrix/variant-b__palette-latte__width-375x812__state-offline-stale-host.png
rendered: screenshots/matrix/variant-b__palette-latte__width-375x812__state-populated.png
rendered: screenshots/matrix/variant-b__palette-latte__width-375x812__state-repository-only.png
rendered: screenshots/matrix/variant-b__palette-latte__width-375x812__state-zero-results.png
rendered: screenshots/matrix/variant-b__palette-latte__width-390x844__state-both-filters.png
rendered: screenshots/matrix/variant-b__palette-latte__width-390x844__state-connecting-host.png
rendered: screenshots/matrix/variant-b__palette-latte__width-390x844__state-host-only.png
rendered: screenshots/matrix/variant-b__palette-latte__width-390x844__state-offline-stale-host.png
rendered: screenshots/matrix/variant-b__palette-latte__width-390x844__state-populated.png
rendered: screenshots/matrix/variant-b__palette-latte__width-390x844__state-repository-only.png
rendered: screenshots/matrix/variant-b__palette-latte__width-390x844__state-zero-results.png
rendered: screenshots/matrix/variant-b__palette-macchiato__width-375x812__state-both-filters.png
rendered: screenshots/matrix/variant-b__palette-macchiato__width-375x812__state-connecting-host.png
rendered: screenshots/matrix/variant-b__palette-macchiato__width-375x812__state-host-only.png
rendered: screenshots/matrix/variant-b__palette-macchiato__width-375x812__state-offline-stale-host.png
rendered: screenshots/matrix/variant-b__palette-macchiato__width-375x812__state-populated.png
rendered: screenshots/matrix/variant-b__palette-macchiato__width-375x812__state-repository-only.png
rendered: screenshots/matrix/variant-b__palette-macchiato__width-375x812__state-zero-results.png
rendered: screenshots/matrix/variant-b__palette-macchiato__width-390x844__state-both-filters.png
rendered: screenshots/matrix/variant-b__palette-macchiato__width-390x844__state-connecting-host.png
rendered: screenshots/matrix/variant-b__palette-macchiato__width-390x844__state-host-only.png
rendered: screenshots/matrix/variant-b__palette-macchiato__width-390x844__state-offline-stale-host.png
rendered: screenshots/matrix/variant-b__palette-macchiato__width-390x844__state-populated.png
rendered: screenshots/matrix/variant-b__palette-macchiato__width-390x844__state-repository-only.png
rendered: screenshots/matrix/variant-b__palette-macchiato__width-390x844__state-zero-results.png
rendered: screenshots/matrix/variant-b__palette-mocha__width-375x812__state-both-filters.png
rendered: screenshots/matrix/variant-b__palette-mocha__width-375x812__state-connecting-host.png
rendered: screenshots/matrix/variant-b__palette-mocha__width-375x812__state-host-only.png
rendered: screenshots/matrix/variant-b__palette-mocha__width-375x812__state-offline-stale-host.png
rendered: screenshots/matrix/variant-b__palette-mocha__width-375x812__state-populated.png
rendered: screenshots/matrix/variant-b__palette-mocha__width-375x812__state-repository-only.png
rendered: screenshots/matrix/variant-b__palette-mocha__width-375x812__state-zero-results.png
rendered: screenshots/matrix/variant-b__palette-mocha__width-390x844__state-both-filters.png
rendered: screenshots/matrix/variant-b__palette-mocha__width-390x844__state-connecting-host.png
rendered: screenshots/matrix/variant-b__palette-mocha__width-390x844__state-host-only.png
rendered: screenshots/matrix/variant-b__palette-mocha__width-390x844__state-offline-stale-host.png
rendered: screenshots/matrix/variant-b__palette-mocha__width-390x844__state-populated.png
rendered: screenshots/matrix/variant-b__palette-mocha__width-390x844__state-repository-only.png
rendered: screenshots/matrix/variant-b__palette-mocha__width-390x844__state-zero-results.png
rendered: screenshots/matrix/variant-c__palette-frappe__width-375x812__state-both-filters.png
rendered: screenshots/matrix/variant-c__palette-frappe__width-375x812__state-connecting-host.png
rendered: screenshots/matrix/variant-c__palette-frappe__width-375x812__state-host-only.png
rendered: screenshots/matrix/variant-c__palette-frappe__width-375x812__state-offline-stale-host.png
rendered: screenshots/matrix/variant-c__palette-frappe__width-375x812__state-populated.png
rendered: screenshots/matrix/variant-c__palette-frappe__width-375x812__state-repository-only.png
rendered: screenshots/matrix/variant-c__palette-frappe__width-375x812__state-zero-results.png
rendered: screenshots/matrix/variant-c__palette-frappe__width-390x844__state-both-filters.png
rendered: screenshots/matrix/variant-c__palette-frappe__width-390x844__state-connecting-host.png
rendered: screenshots/matrix/variant-c__palette-frappe__width-390x844__state-host-only.png
rendered: screenshots/matrix/variant-c__palette-frappe__width-390x844__state-offline-stale-host.png
rendered: screenshots/matrix/variant-c__palette-frappe__width-390x844__state-populated.png
rendered: screenshots/matrix/variant-c__palette-frappe__width-390x844__state-repository-only.png
rendered: screenshots/matrix/variant-c__palette-frappe__width-390x844__state-zero-results.png
rendered: screenshots/matrix/variant-c__palette-latte__width-375x812__state-both-filters.png
rendered: screenshots/matrix/variant-c__palette-latte__width-375x812__state-connecting-host.png
rendered: screenshots/matrix/variant-c__palette-latte__width-375x812__state-host-only.png
rendered: screenshots/matrix/variant-c__palette-latte__width-375x812__state-offline-stale-host.png
rendered: screenshots/matrix/variant-c__palette-latte__width-375x812__state-populated.png
rendered: screenshots/matrix/variant-c__palette-latte__width-375x812__state-repository-only.png
rendered: screenshots/matrix/variant-c__palette-latte__width-375x812__state-zero-results.png
rendered: screenshots/matrix/variant-c__palette-latte__width-390x844__state-both-filters.png
rendered: screenshots/matrix/variant-c__palette-latte__width-390x844__state-connecting-host.png
rendered: screenshots/matrix/variant-c__palette-latte__width-390x844__state-host-only.png
rendered: screenshots/matrix/variant-c__palette-latte__width-390x844__state-offline-stale-host.png
rendered: screenshots/matrix/variant-c__palette-latte__width-390x844__state-populated.png
rendered: screenshots/matrix/variant-c__palette-latte__width-390x844__state-repository-only.png
rendered: screenshots/matrix/variant-c__palette-latte__width-390x844__state-zero-results.png
rendered: screenshots/matrix/variant-c__palette-macchiato__width-375x812__state-both-filters.png
rendered: screenshots/matrix/variant-c__palette-macchiato__width-375x812__state-connecting-host.png
rendered: screenshots/matrix/variant-c__palette-macchiato__width-375x812__state-host-only.png
rendered: screenshots/matrix/variant-c__palette-macchiato__width-375x812__state-offline-stale-host.png
rendered: screenshots/matrix/variant-c__palette-macchiato__width-375x812__state-populated.png
rendered: screenshots/matrix/variant-c__palette-macchiato__width-375x812__state-repository-only.png
rendered: screenshots/matrix/variant-c__palette-macchiato__width-375x812__state-zero-results.png
rendered: screenshots/matrix/variant-c__palette-macchiato__width-390x844__state-both-filters.png
rendered: screenshots/matrix/variant-c__palette-macchiato__width-390x844__state-connecting-host.png
rendered: screenshots/matrix/variant-c__palette-macchiato__width-390x844__state-host-only.png
rendered: screenshots/matrix/variant-c__palette-macchiato__width-390x844__state-offline-stale-host.png
rendered: screenshots/matrix/variant-c__palette-macchiato__width-390x844__state-populated.png
rendered: screenshots/matrix/variant-c__palette-macchiato__width-390x844__state-repository-only.png
rendered: screenshots/matrix/variant-c__palette-macchiato__width-390x844__state-zero-results.png
rendered: screenshots/matrix/variant-c__palette-mocha__width-375x812__state-both-filters.png
rendered: screenshots/matrix/variant-c__palette-mocha__width-375x812__state-connecting-host.png
rendered: screenshots/matrix/variant-c__palette-mocha__width-375x812__state-host-only.png
rendered: screenshots/matrix/variant-c__palette-mocha__width-375x812__state-offline-stale-host.png
rendered: screenshots/matrix/variant-c__palette-mocha__width-375x812__state-populated.png
rendered: screenshots/matrix/variant-c__palette-mocha__width-375x812__state-repository-only.png
rendered: screenshots/matrix/variant-c__palette-mocha__width-375x812__state-zero-results.png
rendered: screenshots/matrix/variant-c__palette-mocha__width-390x844__state-both-filters.png
rendered: screenshots/matrix/variant-c__palette-mocha__width-390x844__state-connecting-host.png
rendered: screenshots/matrix/variant-c__palette-mocha__width-390x844__state-host-only.png
rendered: screenshots/matrix/variant-c__palette-mocha__width-390x844__state-offline-stale-host.png
rendered: screenshots/matrix/variant-c__palette-mocha__width-390x844__state-populated.png
rendered: screenshots/matrix/variant-c__palette-mocha__width-390x844__state-repository-only.png
rendered: screenshots/matrix/variant-c__palette-mocha__width-390x844__state-zero-results.png
