===== /tmp/g569-final2.log
	 Executed 1 test, with 0 failures (0 unexpected) in 25.635 (25.635) seconds
	 Executed 1 test, with 0 failures (0 unexpected) in 25.635 (25.636) seconds
	 Executed 1 test, with 0 failures (0 unexpected) in 25.635 (25.637) seconds
** TEST SUCCEEDED **
	 Executed 1 test, with 0 failures (0 unexpected) in 24.035 (24.035) seconds
	 Executed 1 test, with 0 failures (0 unexpected) in 24.035 (24.036) seconds
	 Executed 1 test, with 0 failures (0 unexpected) in 24.035 (24.036) seconds
** TEST SUCCEEDED **
G569_CONTRAST state=loading flavor=latte size=default ink=#4c4f69 backdrop=#ffffff ratio=7.99 crop=(0.0, 59.0, 390.0, 785.0)
G569_CONTRAST state=empty flavor=latte size=default ink=#4c4f69 backdrop=#ffffff ratio=7.99 crop=(0.0, 59.0, 390.0, 785.0)
G569_CONTRAST state=error flavor=latte size=default ink=#4c4f69 backdrop=#ffffff ratio=7.99 crop=(0.0, 59.0, 390.0, 785.0)
G569_CONTRAST state=error-glyph flavor=latte size=default ink=#d20f39 backdrop=#ffffff ratio=5.43
G569_CONTRAST state=permission flavor=latte size=default ink=#4c4f69 backdrop=#ffffff ratio=7.99 crop=(0.0, 59.0, 390.0, 785.0)
G569_CONTRAST state=loading flavor=latte size=ax3 ink=#4c4f69 backdrop=#ffffff ratio=7.99 crop=(0.0, 59.0, 390.0, 785.0)
G569_CONTRAST state=empty flavor=latte size=ax3 ink=#4c4f69 backdrop=#ffffff ratio=7.99 crop=(0.0, 59.0, 390.0, 785.0)
G569_CONTRAST state=error flavor=latte size=ax3 ink=#4c4f69 backdrop=#ffffff ratio=7.99 crop=(0.0, 59.0, 390.0, 785.0)
G569_CONTRAST state=error-glyph flavor=latte size=ax3 ink=#d20f39 backdrop=#ffffff ratio=5.43
G569_CONTRAST state=permission flavor=latte size=ax3 ink=#4c4f69 backdrop=#ffffff ratio=7.99 crop=(0.0, 59.0, 390.0, 785.0)
G569_CONTRAST state=loading flavor=mocha size=default ink=#cdd6f4 backdrop=#1c1c1e ratio=11.77 crop=(0.0, 59.0, 390.0, 785.0)
G569_CONTRAST state=empty flavor=mocha size=default ink=#cdd6f4 backdrop=#1c1c1e ratio=11.77 crop=(0.0, 59.0, 390.0, 785.0)
G569_CONTRAST state=error flavor=mocha size=default ink=#cdd6f4 backdrop=#1c1c1e ratio=11.77 crop=(0.0, 59.0, 390.0, 785.0)
G569_CONTRAST state=error-glyph flavor=mocha size=default ink=#f38ba8 backdrop=#1c1c1e ratio=7.35
G569_CONTRAST state=permission flavor=mocha size=default ink=#cdd6f4 backdrop=#1c1c1e ratio=11.77 crop=(0.0, 59.0, 390.0, 785.0)
G569_CONTRAST state=loading flavor=mocha size=ax3 ink=#cdd6f4 backdrop=#1c1c1e ratio=11.77 crop=(0.0, 59.0, 390.0, 785.0)
G569_CONTRAST state=empty flavor=mocha size=ax3 ink=#cdd6f4 backdrop=#1c1c1e ratio=11.77 crop=(0.0, 59.0, 390.0, 785.0)
G569_CONTRAST state=error flavor=mocha size=ax3 ink=#cdd6f4 backdrop=#1c1c1e ratio=11.77 crop=(0.0, 59.0, 390.0, 785.0)
G569_CONTRAST state=error-glyph flavor=mocha size=ax3 ink=#f38ba8 backdrop=#1c1c1e ratio=7.35
G569_CONTRAST state=permission flavor=mocha size=ax3 ink=#cdd6f4 backdrop=#1c1c1e ratio=11.77 crop=(0.0, 59.0, 390.0, 785.0)
G569_BOARD_CHIP flavor=latte repo=sendmeter hue=#df8e1d dot_pixels=264 dot_rows=16
G569_BOARD_CHIP flavor=latte repo=Other hue=#acb0be dot_pixels=269 dot_rows=16
G569_BOARD_CHIP flavor=latte repo=synergy-apps hue=#209fb5 dot_pixels=264 dot_rows=16
G569_BOARD_CHIP flavor=latte repo=corral hue=#179299 dot_pixels=264 dot_rows=16
G569_CHIP flavor=latte repo=sendmeter hue=#df8e1d dot_pixels=248 dot_rows=16 band=(0.0, 59.0, 390.0, 140.0) crop=(0.0, 59.0, 390.0, 785.0)
G569_CHIP flavor=latte repo=Other hue=#acb0be dot_pixels=291 dot_rows=16 band=(0.0, 59.0, 390.0, 140.0) crop=(0.0, 59.0, 390.0, 785.0)
G569_CHIP flavor=latte repo=synergy-apps hue=#209fb5 dot_pixels=248 dot_rows=16 band=(0.0, 59.0, 390.0, 140.0) crop=(0.0, 59.0, 390.0, 785.0)
G569_CHIP flavor=latte repo=corral hue=#179299 dot_pixels=248 dot_rows=16 band=(0.0, 59.0, 390.0, 140.0) crop=(0.0, 59.0, 390.0, 785.0)
G569_BOARD_CHIP flavor=mocha repo=sendmeter hue=#f9e2af dot_pixels=1538 dot_rows=18
G569_BOARD_CHIP flavor=mocha repo=Other hue=#585b70 dot_pixels=271 dot_rows=16
G569_BOARD_CHIP flavor=mocha repo=synergy-apps hue=#74c7ec dot_pixels=1874 dot_rows=20
G569_BOARD_CHIP flavor=mocha repo=corral hue=#94e2d5 dot_pixels=910 dot_rows=18
G569_CHIP flavor=mocha repo=sendmeter hue=#f9e2af dot_pixels=1522 dot_rows=18 band=(0.0, 59.0, 390.0, 140.0) crop=(0.0, 59.0, 390.0, 785.0)
G569_CHIP flavor=mocha repo=Other hue=#585b70 dot_pixels=477 dot_rows=16 band=(0.0, 59.0, 390.0, 140.0) crop=(0.0, 59.0, 390.0, 785.0)
G569_CHIP flavor=mocha repo=synergy-apps hue=#74c7ec dot_pixels=1858 dot_rows=20 band=(0.0, 59.0, 390.0, 140.0) crop=(0.0, 59.0, 390.0, 785.0)
G569_CHIP flavor=mocha repo=corral hue=#94e2d5 dot_pixels=894 dot_rows=18 band=(0.0, 59.0, 390.0, 140.0) crop=(0.0, 59.0, 390.0, 785.0)
G569_TIER flavor=latte text=5.04 tailMuted=3.95 tailQuiet=2.50 red=3.43 mauve=3.42
G569_TIER flavor=mocha text=6.44 tailMuted=4.19 tailQuiet=1.91 red=4.02 mauve=4.59
	 Executed 4 tests, with 0 failures (0 unexpected) in 62.190 (62.191) seconds
	 Executed 4 tests, with 0 failures (0 unexpected) in 62.190 (62.192) seconds
	 Executed 4 tests, with 0 failures (0 unexpected) in 62.190 (62.192) seconds
** TEST SUCCEEDED **
	 Executed 7 tests, with 0 failures (0 unexpected) in 0.078 (0.080) seconds
	 Executed 19 tests, with 0 failures (0 unexpected) in 4.007 (4.010) seconds
	 Executed 1 test, with 0 failures (0 unexpected) in 0.099 (0.099) seconds
	 Executed 2 tests, with 0 failures (0 unexpected) in 0.002 (0.003) seconds
	 Executed 11 tests, with 0 failures (0 unexpected) in 0.004 (0.016) seconds
	 Executed 6 tests, with 0 failures (0 unexpected) in 0.002 (0.017) seconds
	 Executed 4 tests, with 0 failures (0 unexpected) in 0.012 (0.013) seconds
	 Executed 3 tests, with 0 failures (0 unexpected) in 0.008 (0.008) seconds
	 Executed 10 tests, with 0 failures (0 unexpected) in 0.004 (0.006) seconds
	 Executed 3 tests, with 0 failures (0 unexpected) in 0.001 (0.001) seconds
	 Executed 1 test, with 0 failures (0 unexpected) in 0.891 (0.893) seconds
	 Executed 5 tests, with 0 failures (0 unexpected) in 0.005 (0.007) seconds
	 Executed 5 tests, with 0 failures (0 unexpected) in 0.077 (0.078) seconds
	 Executed 4 tests, with 0 failures (0 unexpected) in 0.896 (0.898) seconds
	 Executed 1 test, with 0 failures (0 unexpected) in 0.002 (0.003) seconds
	 Executed 4 tests, with 0 failures (0 unexpected) in 0.124 (0.125) seconds
	 Executed 10 tests, with 0 failures (0 unexpected) in 3.447 (3.450) seconds
	 Executed 8 tests, with 0 failures (0 unexpected) in 0.004 (0.006) seconds
	 Executed 6 tests, with 0 failures (0 unexpected) in 0.004 (0.007) seconds
	 Executed 2 tests, with 0 failures (0 unexpected) in 0.004 (0.005) seconds
	 Executed 25 tests, with 0 failures (0 unexpected) in 0.032 (0.037) seconds
	 Executed 20 tests, with 0 failures (0 unexpected) in 1.346 (1.350) seconds
	 Executed 18 tests, with 0 failures (0 unexpected) in 0.023 (0.032) seconds
	 Executed 6 tests, with 0 failures (0 unexpected) in 0.003 (0.007) seconds
	 Executed 7 tests, with 0 failures (0 unexpected) in 0.321 (0.325) seconds
	 Executed 5 tests, with 0 failures (0 unexpected) in 0.089 (0.090) seconds
	 Executed 5 tests, with 0 failures (0 unexpected) in 0.010 (0.011) seconds
	 Executed 19 tests, with 1 test skipped and 0 failures (0 unexpected) in 3.119 (3.125) seconds
	 Executed 8 tests, with 0 failures (0 unexpected) in 38.498 (38.500) seconds
	 Executed 11 tests, with 0 failures (0 unexpected) in 1.179 (1.183) seconds
	 Executed 1 test, with 0 failures (0 unexpected) in 0.747 (0.747) seconds
	 Executed 2 tests, with 0 failures (0 unexpected) in 0.009 (0.009) seconds
	 Executed 6 tests, with 0 failures (0 unexpected) in 25.433 (25.437) seconds
	 Executed 4 tests, with 0 failures (0 unexpected) in 0.008 (0.010) seconds
	 Executed 13 tests, with 0 failures (0 unexpected) in 0.132 (0.135) seconds
	 Executed 6 tests, with 0 failures (0 unexpected) in 38.481 (38.482) seconds
	 Executed 21 tests, with 0 failures (0 unexpected) in 7.171 (7.178) seconds
	 Executed 14 tests, with 0 failures (0 unexpected) in 3.930 (3.934) seconds
	 Executed 8 tests, with 0 failures (0 unexpected) in 0.972 (0.974) seconds
	 Executed 5 tests, with 0 failures (0 unexpected) in 0.004 (0.007) seconds
	 Executed 3 tests, with 0 failures (0 unexpected) in 0.045 (0.047) seconds
	 Executed 3 tests, with 0 failures (0 unexpected) in 0.409 (0.410) seconds
	 Executed 5 tests, with 0 failures (0 unexpected) in 0.005 (0.007) seconds
	 Executed 2 tests, with 0 failures (0 unexpected) in 0.018 (0.019) seconds
	 Executed 10 tests, with 0 failures (0 unexpected) in 0.016 (0.019) seconds
	 Executed 4 tests, with 0 failures (0 unexpected) in 0.067 (0.068) seconds
	 Executed 4 tests, with 0 failures (0 unexpected) in 0.089 (0.090) seconds
	 Executed 2 tests, with 0 failures (0 unexpected) in 0.096 (0.097) seconds
	 Executed 6 tests, with 0 failures (0 unexpected) in 0.003 (0.005) seconds
	 Executed 2 tests, with 0 failures (0 unexpected) in 0.005 (0.006) seconds
	 Executed 2 tests, with 0 failures (0 unexpected) in 0.356 (0.357) seconds
	 Executed 8 tests, with 0 failures (0 unexpected) in 3.142 (3.146) seconds
	 Executed 2 tests, with 0 failures (0 unexpected) in 0.002 (0.003) seconds
	 Executed 9 tests, with 0 failures (0 unexpected) in 0.006 (0.009) seconds
	 Executed 7 tests, with 0 failures (0 unexpected) in 0.020 (0.021) seconds
	 Executed 2 tests, with 0 failures (0 unexpected) in 0.006 (0.006) seconds
	 Executed 6 tests, with 0 failures (0 unexpected) in 0.078 (0.079) seconds
	 Executed 2 tests, with 0 failures (0 unexpected) in 0.040 (0.040) seconds
	 Executed 15 tests, with 0 failures (0 unexpected) in 15.537 (15.546) seconds
	 Executed 8 tests, with 0 failures (0 unexpected) in 0.277 (0.281) seconds
	 Executed 8 tests, with 0 failures (0 unexpected) in 1.663 (1.667) seconds
	 Executed 2 tests, with 0 failures (0 unexpected) in 0.002 (0.003) seconds
	 Executed 8 tests, with 0 failures (0 unexpected) in 0.356 (0.360) seconds
	 Executed 5 tests, with 0 failures (0 unexpected) in 0.448 (0.451) seconds
	 Executed 2 tests, with 0 failures (0 unexpected) in 0.005 (0.006) seconds
	 Executed 6 tests, with 0 failures (0 unexpected) in 5.524 (5.528) seconds
	 Executed 9 tests, with 0 failures (0 unexpected) in 8.329 (8.335) seconds
	 Executed 8 tests, with 0 failures (0 unexpected) in 0.784 (0.786) seconds
	 Executed 9 tests, with 0 failures (0 unexpected) in 0.004 (0.005) seconds
	 Executed 6 tests, with 0 failures (0 unexpected) in 0.257 (0.258) seconds
	 Executed 4 tests, with 0 failures (0 unexpected) in 0.002 (0.003) seconds
	 Executed 22 tests, with 0 failures (0 unexpected) in 0.007 (0.022) seconds
	 Executed 4 tests, with 0 failures (0 unexpected) in 0.232 (0.233) seconds
	 Executed 7 tests, with 0 failures (0 unexpected) in 23.403 (23.405) seconds
	 Executed 4 tests, with 0 failures (0 unexpected) in 0.001 (0.053) seconds
	 Executed 5 tests, with 0 failures (0 unexpected) in 0.759 (0.762) seconds
	 Executed 8 tests, with 0 failures (0 unexpected) in 0.014 (0.017) seconds
	 Executed 4 tests, with 0 failures (0 unexpected) in 0.095 (0.096) seconds
	 Executed 6 tests, with 0 failures (0 unexpected) in 0.005 (0.008) seconds
	 Executed 5 tests, with 0 failures (0 unexpected) in 0.004 (0.009) seconds
	 Executed 3 tests, with 0 failures (0 unexpected) in 0.033 (0.034) seconds
	 Executed 2 tests, with 0 failures (0 unexpected) in 0.747 (0.748) seconds
	 Executed 9 tests, with 0 failures (0 unexpected) in 0.013 (0.038) seconds
	 Executed 7 tests, with 0 failures (0 unexpected) in 5.516 (5.520) seconds
	 Executed 4 tests, with 0 failures (0 unexpected) in 0.194 (0.195) seconds
	 Executed 4 tests, with 0 failures (0 unexpected) in 0.072 (0.073) seconds
	 Executed 2 tests, with 0 failures (0 unexpected) in 0.114 (0.115) seconds
	 Executed 3 tests, with 0 failures (0 unexpected) in 0.066 (0.067) seconds
	 Executed 2 tests, with 0 failures (0 unexpected) in 0.097 (0.097) seconds
	 Executed 5 tests, with 0 failures (0 unexpected) in 0.003 (0.006) seconds
G569_CONTRAST state=loading flavor=latte size=default ink=#4c4f69 backdrop=#ffffff ratio=7.99 crop=(0.0, 59.0, 390.0, 785.0)
G569_CONTRAST state=empty flavor=latte size=default ink=#4c4f69 backdrop=#ffffff ratio=7.99 crop=(0.0, 59.0, 390.0, 785.0)
G569_CONTRAST state=error flavor=latte size=default ink=#4c4f69 backdrop=#ffffff ratio=7.99 crop=(0.0, 59.0, 390.0, 785.0)
G569_CONTRAST state=error-glyph flavor=latte size=default ink=#d20f39 backdrop=#ffffff ratio=5.43
G569_CONTRAST state=permission flavor=latte size=default ink=#4c4f69 backdrop=#ffffff ratio=7.99 crop=(0.0, 59.0, 390.0, 785.0)
G569_CONTRAST state=loading flavor=latte size=ax3 ink=#4c4f69 backdrop=#ffffff ratio=7.99 crop=(0.0, 59.0, 390.0, 785.0)
G569_CONTRAST state=empty flavor=latte size=ax3 ink=#4c4f69 backdrop=#ffffff ratio=7.99 crop=(0.0, 59.0, 390.0, 785.0)
G569_CONTRAST state=error flavor=latte size=ax3 ink=#4c4f69 backdrop=#ffffff ratio=7.99 crop=(0.0, 59.0, 390.0, 785.0)
G569_CONTRAST state=error-glyph flavor=latte size=ax3 ink=#d20f39 backdrop=#ffffff ratio=5.43
G569_CONTRAST state=permission flavor=latte size=ax3 ink=#4c4f69 backdrop=#ffffff ratio=7.99 crop=(0.0, 59.0, 390.0, 785.0)
G569_CONTRAST state=loading flavor=mocha size=default ink=#cdd6f4 backdrop=#1c1c1e ratio=11.77 crop=(0.0, 59.0, 390.0, 785.0)
G569_CONTRAST state=empty flavor=mocha size=default ink=#cdd6f4 backdrop=#1c1c1e ratio=11.77 crop=(0.0, 59.0, 390.0, 785.0)
G569_CONTRAST state=error flavor=mocha size=default ink=#cdd6f4 backdrop=#1c1c1e ratio=11.77 crop=(0.0, 59.0, 390.0, 785.0)
G569_CONTRAST state=error-glyph flavor=mocha size=default ink=#f38ba8 backdrop=#1c1c1e ratio=7.35
G569_CONTRAST state=permission flavor=mocha size=default ink=#cdd6f4 backdrop=#1c1c1e ratio=11.77 crop=(0.0, 59.0, 390.0, 785.0)
G569_CONTRAST state=loading flavor=mocha size=ax3 ink=#cdd6f4 backdrop=#1c1c1e ratio=11.77 crop=(0.0, 59.0, 390.0, 785.0)
G569_CONTRAST state=empty flavor=mocha size=ax3 ink=#cdd6f4 backdrop=#1c1c1e ratio=11.77 crop=(0.0, 59.0, 390.0, 785.0)
G569_CONTRAST state=error flavor=mocha size=ax3 ink=#cdd6f4 backdrop=#1c1c1e ratio=11.77 crop=(0.0, 59.0, 390.0, 785.0)
G569_CONTRAST state=error-glyph flavor=mocha size=ax3 ink=#f38ba8 backdrop=#1c1c1e ratio=7.35
G569_CONTRAST state=permission flavor=mocha size=ax3 ink=#cdd6f4 backdrop=#1c1c1e ratio=11.77 crop=(0.0, 59.0, 390.0, 785.0)
G569_BOARD_CHIP flavor=latte repo=synergy-apps hue=#209fb5 dot_pixels=264 dot_rows=16
G569_BOARD_CHIP flavor=latte repo=corral hue=#179299 dot_pixels=264 dot_rows=16
G569_BOARD_CHIP flavor=latte repo=Other hue=#acb0be dot_pixels=269 dot_rows=16
G569_BOARD_CHIP flavor=latte repo=sendmeter hue=#df8e1d dot_pixels=264 dot_rows=16
G569_CHIP flavor=latte repo=synergy-apps hue=#209fb5 dot_pixels=248 dot_rows=16 band=(0.0, 59.0, 390.0, 140.0) crop=(0.0, 59.0, 390.0, 785.0)
G569_CHIP flavor=latte repo=corral hue=#179299 dot_pixels=248 dot_rows=16 band=(0.0, 59.0, 390.0, 140.0) crop=(0.0, 59.0, 390.0, 785.0)
G569_CHIP flavor=latte repo=Other hue=#acb0be dot_pixels=291 dot_rows=16 band=(0.0, 59.0, 390.0, 140.0) crop=(0.0, 59.0, 390.0, 785.0)
G569_CHIP flavor=latte repo=sendmeter hue=#df8e1d dot_pixels=248 dot_rows=16 band=(0.0, 59.0, 390.0, 140.0) crop=(0.0, 59.0, 390.0, 785.0)
G569_BOARD_CHIP flavor=mocha repo=synergy-apps hue=#74c7ec dot_pixels=1874 dot_rows=20
G569_BOARD_CHIP flavor=mocha repo=corral hue=#94e2d5 dot_pixels=910 dot_rows=18
G569_BOARD_CHIP flavor=mocha repo=Other hue=#585b70 dot_pixels=271 dot_rows=16
G569_BOARD_CHIP flavor=mocha repo=sendmeter hue=#f9e2af dot_pixels=1538 dot_rows=18
G569_CHIP flavor=mocha repo=synergy-apps hue=#74c7ec dot_pixels=1858 dot_rows=20 band=(0.0, 59.0, 390.0, 140.0) crop=(0.0, 59.0, 390.0, 785.0)
G569_CHIP flavor=mocha repo=corral hue=#94e2d5 dot_pixels=894 dot_rows=18 band=(0.0, 59.0, 390.0, 140.0) crop=(0.0, 59.0, 390.0, 785.0)
G569_CHIP flavor=mocha repo=Other hue=#585b70 dot_pixels=477 dot_rows=16 band=(0.0, 59.0, 390.0, 140.0) crop=(0.0, 59.0, 390.0, 785.0)
G569_CHIP flavor=mocha repo=sendmeter hue=#f9e2af dot_pixels=1522 dot_rows=18 band=(0.0, 59.0, 390.0, 140.0) crop=(0.0, 59.0, 390.0, 785.0)
G569_TIER flavor=latte text=5.04 tailMuted=3.95 tailQuiet=2.50 red=3.43 mauve=3.42
G569_TIER flavor=mocha text=6.44 tailMuted=4.19 tailQuiet=1.91 red=4.02 mauve=4.59
	 Executed 4 tests, with 0 failures (0 unexpected) in 56.983 (56.984) seconds
	 Executed 6 tests, with 0 failures (0 unexpected) in 0.083 (0.084) seconds
	 Executed 2 tests, with 0 failures (0 unexpected) in 0.001 (0.001) seconds
	 Executed 3 tests, with 0 failures (0 unexpected) in 0.115 (0.116) seconds
	 Executed 4 tests, with 0 failures (0 unexpected) in 0.010 (0.011) seconds
	 Executed 4 tests, with 0 failures (0 unexpected) in 0.018 (0.019) seconds
	 Executed 18 tests, with 0 failures (0 unexpected) in 8.358 (8.365) seconds
	 Executed 7 tests, with 0 failures (0 unexpected) in 0.038 (0.039) seconds
	 Executed 10 tests, with 0 failures (0 unexpected) in 1.260 (1.264) seconds
	 Executed 6 tests, with 0 failures (0 unexpected) in 0.211 (0.212) seconds
	 Executed 6 tests, with 0 failures (0 unexpected) in 0.002 (0.003) seconds
	 Executed 3 tests, with 0 failures (0 unexpected) in 0.005 (0.006) seconds
	 Executed 5 tests, with 0 failures (0 unexpected) in 0.005 (0.006) seconds
	 Executed 669 tests, with 1 test skipped and 0 failures (0 unexpected) in 267.233 (267.621) seconds
	 Executed 669 tests, with 1 test skipped and 0 failures (0 unexpected) in 267.233 (267.622) seconds
** TEST SUCCEEDED **
	 Executed 7 tests, with 0 failures (0 unexpected) in 0.063 (0.065) seconds
	 Executed 19 tests, with 0 failures (0 unexpected) in 3.450 (3.453) seconds
	 Executed 1 test, with 0 failures (0 unexpected) in 0.010 (0.012) seconds
	 Executed 2 tests, with 0 failures (0 unexpected) in 0.003 (0.004) seconds
	 Executed 11 tests, with 0 failures (0 unexpected) in 0.004 (0.015) seconds
	 Executed 6 tests, with 0 failures (0 unexpected) in 0.002 (0.005) seconds
	 Executed 4 tests, with 0 failures (0 unexpected) in 0.012 (0.013) seconds
	 Executed 3 tests, with 0 failures (0 unexpected) in 0.008 (0.008) seconds
	 Executed 10 tests, with 0 failures (0 unexpected) in 0.004 (0.006) seconds
	 Executed 3 tests, with 0 failures (0 unexpected) in 0.003 (0.004) seconds
	 Executed 1 test, with 0 failures (0 unexpected) in 0.785 (0.786) seconds
	 Executed 5 tests, with 0 failures (0 unexpected) in 0.006 (0.008) seconds
	 Executed 5 tests, with 0 failures (0 unexpected) in 0.076 (0.078) seconds
	 Executed 4 tests, with 0 failures (0 unexpected) in 0.761 (0.762) seconds
	 Executed 1 test, with 0 failures (0 unexpected) in 0.004 (0.005) seconds
	 Executed 4 tests, with 0 failures (0 unexpected) in 0.132 (0.133) seconds
	 Executed 10 tests, with 0 failures (0 unexpected) in 3.621 (3.625) seconds
	 Executed 8 tests, with 0 failures (0 unexpected) in 0.004 (0.006) seconds
	 Executed 6 tests, with 0 failures (0 unexpected) in 0.005 (0.006) seconds
	 Executed 2 tests, with 0 failures (0 unexpected) in 0.005 (0.006) seconds
	 Executed 25 tests, with 0 failures (0 unexpected) in 0.030 (0.034) seconds
	 Executed 20 tests, with 0 failures (0 unexpected) in 1.301 (1.305) seconds
	 Executed 18 tests, with 0 failures (0 unexpected) in 0.010 (0.028) seconds
	 Executed 6 tests, with 0 failures (0 unexpected) in 0.005 (0.006) seconds
	 Executed 7 tests, with 0 failures (0 unexpected) in 0.332 (0.333) seconds
	 Executed 5 tests, with 0 failures (0 unexpected) in 0.089 (0.090) seconds
	 Executed 5 tests, with 0 failures (0 unexpected) in 0.010 (0.011) seconds
	 Executed 19 tests, with 1 test skipped and 0 failures (0 unexpected) in 3.159 (3.164) seconds
	 Executed 8 tests, with 0 failures (0 unexpected) in 40.672 (40.674) seconds
	 Executed 11 tests, with 0 failures (0 unexpected) in 1.185 (1.189) seconds
	 Executed 1 test, with 0 failures (0 unexpected) in 0.688 (0.688) seconds
	 Executed 2 tests, with 0 failures (0 unexpected) in 0.010 (0.010) seconds
	 Executed 6 tests, with 0 failures (0 unexpected) in 25.359 (25.362) seconds
	 Executed 4 tests, with 0 failures (0 unexpected) in 0.009 (0.010) seconds
	 Executed 13 tests, with 0 failures (0 unexpected) in 0.145 (0.148) seconds
	 Executed 6 tests, with 0 failures (0 unexpected) in 38.303 (38.305) seconds
	 Executed 21 tests, with 0 failures (0 unexpected) in 7.203 (7.208) seconds
	 Executed 14 tests, with 0 failures (0 unexpected) in 4.014 (4.018) seconds
	 Executed 8 tests, with 0 failures (0 unexpected) in 0.994 (0.997) seconds
	 Executed 5 tests, with 0 failures (0 unexpected) in 0.004 (0.006) seconds
	 Executed 3 tests, with 0 failures (0 unexpected) in 0.034 (0.034) seconds
	 Executed 3 tests, with 0 failures (0 unexpected) in 0.410 (0.411) seconds
	 Executed 5 tests, with 0 failures (0 unexpected) in 0.004 (0.005) seconds
	 Executed 2 tests, with 0 failures (0 unexpected) in 0.012 (0.013) seconds
	 Executed 10 tests, with 0 failures (0 unexpected) in 0.013 (0.015) seconds
	 Executed 4 tests, with 0 failures (0 unexpected) in 0.066 (0.067) seconds
	 Executed 4 tests, with 0 failures (0 unexpected) in 0.087 (0.087) seconds
	 Executed 2 tests, with 0 failures (0 unexpected) in 0.093 (0.094) seconds
	 Executed 6 tests, with 0 failures (0 unexpected) in 0.002 (0.003) seconds
	 Executed 2 tests, with 0 failures (0 unexpected) in 0.004 (0.005) seconds
	 Executed 2 tests, with 0 failures (0 unexpected) in 0.325 (0.325) seconds
	 Executed 8 tests, with 0 failures (0 unexpected) in 3.147 (3.150) seconds
	 Executed 2 tests, with 0 failures (0 unexpected) in 0.002 (0.003) seconds
	 Executed 9 tests, with 0 failures (0 unexpected) in 0.012 (0.016) seconds
	 Executed 7 tests, with 0 failures (0 unexpected) in 0.027 (0.034) seconds
	 Executed 2 tests, with 0 failures (0 unexpected) in 0.007 (0.008) seconds
	 Executed 6 tests, with 0 failures (0 unexpected) in 0.081 (0.083) seconds
	 Executed 2 tests, with 0 failures (0 unexpected) in 0.040 (0.041) seconds
	 Executed 15 tests, with 0 failures (0 unexpected) in 15.572 (15.580) seconds
	 Executed 8 tests, with 0 failures (0 unexpected) in 0.269 (0.272) seconds
	 Executed 8 tests, with 0 failures (0 unexpected) in 1.651 (1.655) seconds
	 Executed 2 tests, with 0 failures (0 unexpected) in 0.002 (0.003) seconds
	 Executed 8 tests, with 0 failures (0 unexpected) in 0.366 (0.369) seconds
	 Executed 5 tests, with 0 failures (0 unexpected) in 0.407 (0.408) seconds
	 Executed 2 tests, with 0 failures (0 unexpected) in 0.003 (0.003) seconds
	 Executed 6 tests, with 0 failures (0 unexpected) in 5.537 (5.542) seconds
	 Executed 9 tests, with 0 failures (0 unexpected) in 8.340 (8.346) seconds
	 Executed 8 tests, with 0 failures (0 unexpected) in 0.790 (0.794) seconds
	 Executed 9 tests, with 0 failures (0 unexpected) in 0.011 (0.014) seconds
	 Executed 6 tests, with 0 failures (0 unexpected) in 0.225 (0.226) seconds
	 Executed 4 tests, with 0 failures (0 unexpected) in 0.002 (0.003) seconds
	 Executed 22 tests, with 0 failures (0 unexpected) in 0.020 (0.036) seconds
	 Executed 4 tests, with 0 failures (0 unexpected) in 0.234 (0.236) seconds
	 Executed 7 tests, with 0 failures (0 unexpected) in 23.279 (23.282) seconds
	 Executed 4 tests, with 0 failures (0 unexpected) in 0.002 (0.033) seconds
	 Executed 5 tests, with 0 failures (0 unexpected) in 0.746 (0.749) seconds
	 Executed 8 tests, with 0 failures (0 unexpected) in 0.014 (0.017) seconds
	 Executed 4 tests, with 0 failures (0 unexpected) in 0.094 (0.096) seconds
	 Executed 6 tests, with 0 failures (0 unexpected) in 0.005 (0.007) seconds
	 Executed 5 tests, with 0 failures (0 unexpected) in 0.003 (0.005) seconds
	 Executed 3 tests, with 0 failures (0 unexpected) in 0.043 (0.044) seconds
	 Executed 2 tests, with 0 failures (0 unexpected) in 0.797 (0.798) seconds
	 Executed 9 tests, with 0 failures (0 unexpected) in 0.011 (0.014) seconds
	 Executed 7 tests, with 0 failures (0 unexpected) in 5.500 (5.504) seconds
	 Executed 4 tests, with 0 failures (0 unexpected) in 0.191 (0.192) seconds
	 Executed 4 tests, with 0 failures (0 unexpected) in 0.076 (0.076) seconds
	 Executed 2 tests, with 0 failures (0 unexpected) in 0.114 (0.115) seconds
	 Executed 3 tests, with 0 failures (0 unexpected) in 0.065 (0.066) seconds
	 Executed 2 tests, with 0 failures (0 unexpected) in 0.100 (0.100) seconds
	 Executed 5 tests, with 0 failures (0 unexpected) in 0.002 (0.003) seconds
G569_CONTRAST state=loading flavor=latte size=default ink=#4c4f69 backdrop=#ffffff ratio=7.99 crop=(0.0, 62.0, 390.0, 782.0)
G569_CONTRAST state=empty flavor=latte size=default ink=#4c4f69 backdrop=#ffffff ratio=7.99 crop=(0.0, 62.0, 390.0, 782.0)
G569_CONTRAST state=error flavor=latte size=default ink=#4c4f69 backdrop=#ffffff ratio=7.99 crop=(0.0, 62.0, 390.0, 782.0)
G569_CONTRAST state=error-glyph flavor=latte size=default ink=#d20f39 backdrop=#ffffff ratio=5.43
G569_CONTRAST state=permission flavor=latte size=default ink=#4c4f69 backdrop=#ffffff ratio=7.99 crop=(0.0, 62.0, 390.0, 782.0)
G569_CONTRAST state=loading flavor=latte size=ax3 ink=#4c4f69 backdrop=#ffffff ratio=7.99 crop=(0.0, 62.0, 390.0, 782.0)
G569_CONTRAST state=empty flavor=latte size=ax3 ink=#4c4f69 backdrop=#ffffff ratio=7.99 crop=(0.0, 62.0, 390.0, 782.0)
G569_CONTRAST state=error flavor=latte size=ax3 ink=#4c4f69 backdrop=#ffffff ratio=7.99 crop=(0.0, 62.0, 390.0, 782.0)
G569_CONTRAST state=error-glyph flavor=latte size=ax3 ink=#d20f39 backdrop=#ffffff ratio=5.43
G569_CONTRAST state=permission flavor=latte size=ax3 ink=#4c4f69 backdrop=#ffffff ratio=7.99 crop=(0.0, 62.0, 390.0, 782.0)
G569_CONTRAST state=loading flavor=mocha size=default ink=#cdd6f4 backdrop=#1c1c1e ratio=11.77 crop=(0.0, 62.0, 390.0, 782.0)
G569_CONTRAST state=empty flavor=mocha size=default ink=#cdd6f4 backdrop=#1c1c1e ratio=11.77 crop=(0.0, 62.0, 390.0, 782.0)
G569_CONTRAST state=error flavor=mocha size=default ink=#cdd6f4 backdrop=#1c1c1e ratio=11.77 crop=(0.0, 62.0, 390.0, 782.0)
G569_CONTRAST state=error-glyph flavor=mocha size=default ink=#f38ba8 backdrop=#1c1c1e ratio=7.35
G569_CONTRAST state=permission flavor=mocha size=default ink=#cdd6f4 backdrop=#1c1c1e ratio=11.77 crop=(0.0, 62.0, 390.0, 782.0)
G569_CONTRAST state=loading flavor=mocha size=ax3 ink=#cdd6f4 backdrop=#1c1c1e ratio=11.77 crop=(0.0, 62.0, 390.0, 782.0)
G569_CONTRAST state=empty flavor=mocha size=ax3 ink=#cdd6f4 backdrop=#1c1c1e ratio=11.77 crop=(0.0, 62.0, 390.0, 782.0)
G569_CONTRAST state=error flavor=mocha size=ax3 ink=#cdd6f4 backdrop=#1c1c1e ratio=11.77 crop=(0.0, 62.0, 390.0, 782.0)
G569_CONTRAST state=error-glyph flavor=mocha size=ax3 ink=#f38ba8 backdrop=#1c1c1e ratio=7.35
G569_CONTRAST state=permission flavor=mocha size=ax3 ink=#cdd6f4 backdrop=#1c1c1e ratio=11.77 crop=(0.0, 62.0, 390.0, 782.0)
G569_BOARD_CHIP flavor=latte repo=synergy-apps hue=#209fb5 dot_pixels=264 dot_rows=16
G569_BOARD_CHIP flavor=latte repo=Other hue=#acb0be dot_pixels=269 dot_rows=16
G569_BOARD_CHIP flavor=latte repo=corral hue=#179299 dot_pixels=264 dot_rows=16
G569_BOARD_CHIP flavor=latte repo=sendmeter hue=#df8e1d dot_pixels=264 dot_rows=16
G569_CHIP flavor=latte repo=synergy-apps hue=#209fb5 dot_pixels=252 dot_rows=16 band=(0.0, 62.0, 390.0, 140.0) crop=(0.0, 62.0, 390.0, 782.0)2026-09-17 23:17:06.900122+0700 FleetNotifier[54490:19080017] [Default] Task <3D05AE6B-10A7-4793-A2CF-BC0095143DE1>.<13> finished with error [-1004] Error Domain=NSURLErrorDomain Code=-1004 "(null)" UserInfo={_NSURLErrorRelatedURLSessionTaskErrorKey=(
G569_CHIP flavor=latte repo=Other hue=#acb0be dot_pixels=291 dot_rows=16 band=(0.0, 62.0, 390.0, 140.0) crop=(0.0, 62.0, 390.0, 782.0)
G569_CHIP flavor=latte repo=corral hue=#179299 dot_pixels=252 dot_rows=16 band=(0.0, 62.0, 390.0, 140.0) crop=(0.0, 62.0, 390.0, 782.0)
G569_CHIP flavor=latte repo=sendmeter hue=#df8e1d dot_pixels=252 dot_rows=16 band=(0.0, 62.0, 390.0, 140.0) crop=(0.0, 62.0, 390.0, 782.0)
G569_BOARD_CHIP flavor=mocha repo=synergy-apps hue=#74c7ec dot_pixels=1874 dot_rows=20
G569_BOARD_CHIP flavor=mocha repo=Other hue=#585b70 dot_pixels=271 dot_rows=16
G569_BOARD_CHIP flavor=mocha repo=corral hue=#94e2d5 dot_pixels=910 dot_rows=18
G569_BOARD_CHIP flavor=mocha repo=sendmeter hue=#f9e2af dot_pixels=1538 dot_rows=18
G569_CHIP flavor=mocha repo=synergy-apps hue=#74c7ec dot_pixels=1862 dot_rows=20 band=(0.0, 62.0, 390.0, 140.0) crop=(0.0, 62.0, 390.0, 782.0)
G569_CHIP flavor=mocha repo=Other hue=#585b70 dot_pixels=473 dot_rows=16 band=(0.0, 62.0, 390.0, 140.0) crop=(0.0, 62.0, 390.0, 782.0)
G569_CHIP flavor=mocha repo=corral hue=#94e2d5 dot_pixels=898 dot_rows=18 band=(0.0, 62.0, 390.0, 140.0) crop=(0.0, 62.0, 390.0, 782.0)
G569_CHIP flavor=mocha repo=sendmeter hue=#f9e2af dot_pixels=1526 dot_rows=18 band=(0.0, 62.0, 390.0, 140.0) crop=(0.0, 62.0, 390.0, 782.0)
G569_TIER flavor=latte text=5.04 tailMuted=3.95 tailQuiet=2.50 red=3.43 mauve=3.42
G569_TIER flavor=mocha text=6.44 tailMuted=4.19 tailQuiet=1.91 red=4.02 mauve=4.59
	 Executed 4 tests, with 0 failures (0 unexpected) in 91.994 (91.998) seconds
	 Executed 6 tests, with 0 failures (0 unexpected) in 0.237 (0.321) seconds
	 Executed 2 tests, with 0 failures (0 unexpected) in 0.004 (0.005) seconds
	 Executed 3 tests, with 0 failures (0 unexpected) in 0.200 (0.202) seconds
	 Executed 4 tests, with 0 failures (0 unexpected) in 0.034 (0.037) seconds
	 Executed 4 tests, with 0 failures (0 unexpected) in 0.046 (0.048) seconds
	 Executed 18 tests, with 0 failures (0 unexpected) in 8.711 (8.721) seconds
	 Executed 7 tests, with 0 failures (0 unexpected) in 0.082 (0.085) seconds
	 Executed 10 tests, with 0 failures (0 unexpected) in 1.291 (1.301) seconds
	 Executed 6 tests, with 0 failures (0 unexpected) in 0.579 (0.584) seconds
	 Executed 6 tests, with 0 failures (0 unexpected) in 0.005 (0.011) seconds
	 Executed 3 tests, with 0 failures (0 unexpected) in 0.003 (0.028) seconds
	 Executed 5 tests, with 0 failures (0 unexpected) in 0.005 (0.057) seconds
	 Executed 669 tests, with 1 test skipped and 0 failures (0 unexpected) in 304.508 (305.004) seconds
	 Executed 669 tests, with 1 test skipped and 0 failures (0 unexpected) in 304.508 (305.006) seconds
** TEST SUCCEEDED **
===== /tmp/g569-fix-witness.log
G569_CONTRAST state=loading flavor=latte size=default ink=#4c4f69 backdrop=#ffffff ratio=7.99 crop=(0.0, 59.0, 390.0, 785.0)
G569_CONTRAST state=empty flavor=latte size=default ink=#4c4f69 backdrop=#ffffff ratio=7.99 crop=(0.0, 59.0, 390.0, 785.0)
G569_CONTRAST state=error flavor=latte size=default ink=#4c4f69 backdrop=#ffffff ratio=7.99 crop=(0.0, 59.0, 390.0, 785.0)
G569_CONTRAST state=error-glyph flavor=latte size=default ink=#d20f39 backdrop=#ffffff ratio=5.43
G569_CONTRAST state=permission flavor=latte size=default ink=#4c4f69 backdrop=#ffffff ratio=7.99 crop=(0.0, 59.0, 390.0, 785.0)
G569_CONTRAST state=loading flavor=latte size=ax3 ink=#4c4f69 backdrop=#ffffff ratio=7.99 crop=(0.0, 59.0, 390.0, 785.0)
G569_CONTRAST state=empty flavor=latte size=ax3 ink=#4c4f69 backdrop=#ffffff ratio=7.99 crop=(0.0, 59.0, 390.0, 785.0)
G569_CONTRAST state=error flavor=latte size=ax3 ink=#4c4f69 backdrop=#ffffff ratio=7.99 crop=(0.0, 59.0, 390.0, 785.0)
G569_CONTRAST state=error-glyph flavor=latte size=ax3 ink=#d20f39 backdrop=#ffffff ratio=5.43
G569_CONTRAST state=permission flavor=latte size=ax3 ink=#4c4f69 backdrop=#ffffff ratio=7.99 crop=(0.0, 59.0, 390.0, 785.0)
G569_CONTRAST state=loading flavor=mocha size=default ink=#cdd6f4 backdrop=#1c1c1e ratio=11.77 crop=(0.0, 59.0, 390.0, 785.0)
G569_CONTRAST state=empty flavor=mocha size=default ink=#cdd6f4 backdrop=#1c1c1e ratio=11.77 crop=(0.0, 59.0, 390.0, 785.0)
G569_CONTRAST state=error flavor=mocha size=default ink=#cdd6f4 backdrop=#1c1c1e ratio=11.77 crop=(0.0, 59.0, 390.0, 785.0)
G569_CONTRAST state=error-glyph flavor=mocha size=default ink=#f38ba8 backdrop=#1c1c1e ratio=7.35
G569_CONTRAST state=permission flavor=mocha size=default ink=#cdd6f4 backdrop=#1c1c1e ratio=11.77 crop=(0.0, 59.0, 390.0, 785.0)
G569_CONTRAST state=loading flavor=mocha size=ax3 ink=#cdd6f4 backdrop=#1c1c1e ratio=11.77 crop=(0.0, 59.0, 390.0, 785.0)
G569_CONTRAST state=empty flavor=mocha size=ax3 ink=#cdd6f4 backdrop=#1c1c1e ratio=11.77 crop=(0.0, 59.0, 390.0, 785.0)
G569_CONTRAST state=error flavor=mocha size=ax3 ink=#cdd6f4 backdrop=#1c1c1e ratio=11.77 crop=(0.0, 59.0, 390.0, 785.0)
G569_CONTRAST state=error-glyph flavor=mocha size=ax3 ink=#f38ba8 backdrop=#1c1c1e ratio=7.35
G569_CONTRAST state=permission flavor=mocha size=ax3 ink=#cdd6f4 backdrop=#1c1c1e ratio=11.77 crop=(0.0, 59.0, 390.0, 785.0)
G569_BOARD_CHIP flavor=latte repo=Other hue=#acb0be dot_pixels=269 dot_rows=16
G569_BOARD_CHIP flavor=latte repo=corral hue=#179299 dot_pixels=264 dot_rows=16
G569_BOARD_CHIP flavor=latte repo=synergy-apps hue=#209fb5 dot_pixels=264 dot_rows=16
G569_BOARD_CHIP flavor=latte repo=sendmeter hue=#df8e1d dot_pixels=264 dot_rows=16
G569_CHIP flavor=latte repo=Other hue=#acb0be dot_pixels=41 dot_rows=0 band=(0.0, 59.0, 390.0, 140.0) crop=(0.0, 59.0, 390.0, 785.0)
G569_CHIP flavor=latte repo=corral hue=#179299 dot_pixels=0 dot_rows=0 band=(0.0, 59.0, 390.0, 140.0) crop=(0.0, 59.0, 390.0, 785.0)
G569_CHIP flavor=latte repo=synergy-apps hue=#209fb5 dot_pixels=0 dot_rows=0 band=(0.0, 59.0, 390.0, 140.0) crop=(0.0, 59.0, 390.0, 785.0)
G569_CHIP flavor=latte repo=sendmeter hue=#df8e1d dot_pixels=0 dot_rows=0 band=(0.0, 59.0, 390.0, 140.0) crop=(0.0, 59.0, 390.0, 785.0)
G569_BOARD_CHIP flavor=mocha repo=Other hue=#585b70 dot_pixels=271 dot_rows=16
G569_BOARD_CHIP flavor=mocha repo=corral hue=#94e2d5 dot_pixels=910 dot_rows=18
G569_BOARD_CHIP flavor=mocha repo=synergy-apps hue=#74c7ec dot_pixels=1874 dot_rows=20
G569_BOARD_CHIP flavor=mocha repo=sendmeter hue=#f9e2af dot_pixels=1538 dot_rows=18
G569_CHIP flavor=mocha repo=Other hue=#585b70 dot_pixels=238 dot_rows=0 band=(0.0, 59.0, 390.0, 140.0) crop=(0.0, 59.0, 390.0, 785.0)
G569_CHIP flavor=mocha repo=corral hue=#94e2d5 dot_pixels=0 dot_rows=0 band=(0.0, 59.0, 390.0, 140.0) crop=(0.0, 59.0, 390.0, 785.0)
G569_CHIP flavor=mocha repo=synergy-apps hue=#74c7ec dot_pixels=0 dot_rows=0 band=(0.0, 59.0, 390.0, 140.0) crop=(0.0, 59.0, 390.0, 785.0)
G569_CHIP flavor=mocha repo=sendmeter hue=#f9e2af dot_pixels=0 dot_rows=0 band=(0.0, 59.0, 390.0, 140.0) crop=(0.0, 59.0, 390.0, 785.0)
G569_TIER flavor=latte text=5.04 tailMuted=3.95 tailQuiet=2.50 red=3.43 mauve=3.42
G569_TIER flavor=mocha text=6.44 tailMuted=4.19 tailQuiet=1.91 red=4.02 mauve=4.59
	 Executed 4 tests, with 18 failures (0 unexpected) in 93.812 (93.814) seconds
	 Executed 4 tests, with 18 failures (0 unexpected) in 93.812 (93.815) seconds
	 Executed 4 tests, with 18 failures (0 unexpected) in 93.812 (93.816) seconds
** TEST FAILED **
RED_RUN_EXIT=65
G569_CONTRAST state=loading flavor=latte size=default ink=#4c4f69 backdrop=#ffffff ratio=7.99 crop=(0.0, 59.0, 390.0, 785.0)
G569_CONTRAST state=empty flavor=latte size=default ink=#4c4f69 backdrop=#ffffff ratio=7.99 crop=(0.0, 59.0, 390.0, 785.0)
G569_CONTRAST state=error flavor=latte size=default ink=#4c4f69 backdrop=#ffffff ratio=7.99 crop=(0.0, 59.0, 390.0, 785.0)
G569_CONTRAST state=error-glyph flavor=latte size=default ink=#d20f39 backdrop=#ffffff ratio=5.43
G569_CONTRAST state=permission flavor=latte size=default ink=#4c4f69 backdrop=#ffffff ratio=7.99 crop=(0.0, 59.0, 390.0, 785.0)
G569_CONTRAST state=loading flavor=latte size=ax3 ink=#4c4f69 backdrop=#ffffff ratio=7.99 crop=(0.0, 59.0, 390.0, 785.0)
G569_CONTRAST state=empty flavor=latte size=ax3 ink=#4c4f69 backdrop=#ffffff ratio=7.99 crop=(0.0, 59.0, 390.0, 785.0)
G569_CONTRAST state=error flavor=latte size=ax3 ink=#4c4f69 backdrop=#ffffff ratio=7.99 crop=(0.0, 59.0, 390.0, 785.0)
G569_CONTRAST state=error-glyph flavor=latte size=ax3 ink=#d20f39 backdrop=#ffffff ratio=5.43
G569_CONTRAST state=permission flavor=latte size=ax3 ink=#4c4f69 backdrop=#ffffff ratio=7.99 crop=(0.0, 59.0, 390.0, 785.0)
G569_CONTRAST state=loading flavor=mocha size=default ink=#cdd6f4 backdrop=#1c1c1e ratio=11.77 crop=(0.0, 59.0, 390.0, 785.0)
G569_CONTRAST state=empty flavor=mocha size=default ink=#cdd6f4 backdrop=#1c1c1e ratio=11.77 crop=(0.0, 59.0, 390.0, 785.0)
G569_CONTRAST state=error flavor=mocha size=default ink=#cdd6f4 backdrop=#1c1c1e ratio=11.77 crop=(0.0, 59.0, 390.0, 785.0)
G569_CONTRAST state=error-glyph flavor=mocha size=default ink=#f38ba8 backdrop=#1c1c1e ratio=7.35
G569_CONTRAST state=permission flavor=mocha size=default ink=#cdd6f4 backdrop=#1c1c1e ratio=11.77 crop=(0.0, 59.0, 390.0, 785.0)
G569_CONTRAST state=loading flavor=mocha size=ax3 ink=#cdd6f4 backdrop=#1c1c1e ratio=11.77 crop=(0.0, 59.0, 390.0, 785.0)
G569_CONTRAST state=empty flavor=mocha size=ax3 ink=#cdd6f4 backdrop=#1c1c1e ratio=11.77 crop=(0.0, 59.0, 390.0, 785.0)
G569_CONTRAST state=error flavor=mocha size=ax3 ink=#cdd6f4 backdrop=#1c1c1e ratio=11.77 crop=(0.0, 59.0, 390.0, 785.0)
G569_CONTRAST state=error-glyph flavor=mocha size=ax3 ink=#f38ba8 backdrop=#1c1c1e ratio=7.35
G569_CONTRAST state=permission flavor=mocha size=ax3 ink=#cdd6f4 backdrop=#1c1c1e ratio=11.77 crop=(0.0, 59.0, 390.0, 785.0)
G569_BOARD_CHIP flavor=latte repo=corral hue=#179299 dot_pixels=264 dot_rows=16
G569_BOARD_CHIP flavor=latte repo=sendmeter hue=#df8e1d dot_pixels=264 dot_rows=16
G569_BOARD_CHIP flavor=latte repo=synergy-apps hue=#209fb5 dot_pixels=264 dot_rows=16
G569_BOARD_CHIP flavor=latte repo=Other hue=#acb0be dot_pixels=269 dot_rows=16
G569_CHIP flavor=latte repo=corral hue=#179299 dot_pixels=248 dot_rows=16 band=(0.0, 59.0, 390.0, 140.0) crop=(0.0, 59.0, 390.0, 785.0)
G569_CHIP flavor=latte repo=sendmeter hue=#df8e1d dot_pixels=248 dot_rows=16 band=(0.0, 59.0, 390.0, 140.0) crop=(0.0, 59.0, 390.0, 785.0)
G569_CHIP flavor=latte repo=synergy-apps hue=#209fb5 dot_pixels=248 dot_rows=16 band=(0.0, 59.0, 390.0, 140.0) crop=(0.0, 59.0, 390.0, 785.0)
G569_CHIP flavor=latte repo=Other hue=#acb0be dot_pixels=291 dot_rows=16 band=(0.0, 59.0, 390.0, 140.0) crop=(0.0, 59.0, 390.0, 785.0)
G569_BOARD_CHIP flavor=mocha repo=corral hue=#94e2d5 dot_pixels=910 dot_rows=18
G569_BOARD_CHIP flavor=mocha repo=sendmeter hue=#f9e2af dot_pixels=1538 dot_rows=18
G569_BOARD_CHIP flavor=mocha repo=synergy-apps hue=#74c7ec dot_pixels=1874 dot_rows=20
G569_BOARD_CHIP flavor=mocha repo=Other hue=#585b70 dot_pixels=271 dot_rows=16
G569_CHIP flavor=mocha repo=corral hue=#94e2d5 dot_pixels=894 dot_rows=18 band=(0.0, 59.0, 390.0, 140.0) crop=(0.0, 59.0, 390.0, 785.0)
G569_CHIP flavor=mocha repo=sendmeter hue=#f9e2af dot_pixels=1522 dot_rows=18 band=(0.0, 59.0, 390.0, 140.0) crop=(0.0, 59.0, 390.0, 785.0)
G569_CHIP flavor=mocha repo=synergy-apps hue=#74c7ec dot_pixels=1858 dot_rows=20 band=(0.0, 59.0, 390.0, 140.0) crop=(0.0, 59.0, 390.0, 785.0)
G569_CHIP flavor=mocha repo=Other hue=#585b70 dot_pixels=477 dot_rows=16 band=(0.0, 59.0, 390.0, 140.0) crop=(0.0, 59.0, 390.0, 785.0)
G569_TIER flavor=latte text=5.04 tailMuted=3.95 tailQuiet=2.50 red=3.43 mauve=3.42
G569_TIER flavor=mocha text=6.44 tailMuted=4.19 tailQuiet=1.91 red=4.02 mauve=4.59
	 Executed 4 tests, with 0 failures (0 unexpected) in 135.427 (135.430) seconds
	 Executed 4 tests, with 0 failures (0 unexpected) in 135.427 (135.432) seconds
	 Executed 4 tests, with 0 failures (0 unexpected) in 135.427 (135.434) seconds
** TEST SUCCEEDED **
SCRATCH_GREEN_EXIT=0
