2026-08-27T05:42:50.277222Z  INFO corrald_ui::protocol: SSE connected to corrald /events base_url=http://127.0.0.1:52396
2026-08-27T05:42:50.291756Z  INFO corrald_ui::app: native screenshot evidence selected live agent; Cards hydration remains grant-gated agent_id=herdr:pane:design-gate:p1 read_tail_advertised=true read_tail_granted=false
2026-08-27T05:42:50.377463Z  INFO corrald_ui::app: requesting exact-owned native window wake pid=86575 command=<external-temp> path=<stage>/live-after.png
2026-08-27T05:42:51.164732Z  INFO corrald_ui::app: exact-owned native window wake completed pid=86575 command=<external-temp>
2026-08-27T05:42:52.166237Z  INFO corrald_ui::app: requesting exact-owned native window wake pid=86575 command=<external-temp> path=<stage>/live-after.png
2026-08-27T05:42:52.488790Z  INFO corrald_ui::app: exact-owned native window wake completed pid=86575 command=<external-temp>
2026-08-27T05:42:53.493296Z  INFO corrald_ui::app: requesting exact-owned native window wake pid=86575 command=<external-temp> path=<stage>/live-after.png
2026-08-27T05:42:53.906932Z  INFO corrald_ui::app: exact-owned native window wake completed pid=86575 command=<external-temp>
2026-08-27T05:42:54.908030Z  INFO corrald_ui::app: requesting exact-owned native window wake pid=86575 command=<external-temp> path=<stage>/live-after.png
2026-08-27T05:42:55.219616Z  INFO corrald_ui::app: exact-owned native window wake completed pid=86575 command=<external-temp>
2026-08-27T05:42:56.225541Z  INFO corrald_ui::app: requesting exact-owned native window wake pid=86575 command=<external-temp> path=<stage>/live-after.png
2026-08-27T05:42:56.668741Z  INFO corrald_ui::app: exact-owned native window wake completed pid=86575 command=<external-temp>
2026-08-27T05:42:57.673838Z  INFO corrald_ui::app: requesting exact-owned native window wake pid=86575 command=<external-temp> path=<stage>/live-after.png
2026-08-27T05:42:57.991017Z  INFO corrald_ui::app: exact-owned native window wake completed pid=86575 command=<external-temp>
2026-08-27T05:42:58.995257Z  INFO corrald_ui::app: requesting exact-owned native window wake pid=86575 command=<external-temp> path=<stage>/live-after.png
2026-08-27T05:42:59.313561Z  INFO corrald_ui::app: exact-owned native window wake completed pid=86575 command=<external-temp>
2026-08-27T05:43:00.314305Z  INFO corrald_ui::app: requesting exact-owned native window wake pid=86575 command=<external-temp> path=<stage>/live-after.png
2026-08-27T05:43:00.634554Z  INFO corrald_ui::app: exact-owned native window wake completed pid=86575 command=<external-temp>
2026-08-27T05:43:01.643160Z  INFO corrald_ui::app: requesting exact-owned native window wake pid=86575 command=<external-temp> path=<stage>/live-after.png
2026-08-27T05:43:02.103760Z  INFO corrald_ui::app: exact-owned native window wake completed pid=86575 command=<external-temp>
2026-08-27T05:43:02.304781Z  INFO corrald_ui::app: deferring viewport screenshot; exact-owned wake schedule remains active path=<stage>/live-after.png visible=false frontmost=false reason_code="defer_probe_pending"
2026-08-27T05:43:03.108635Z  INFO corrald_ui::app: requesting exact-owned native window wake pid=86575 command=<external-temp> path=<stage>/live-after.png
2026-08-27T05:43:03.321602Z  INFO corrald_ui::app: deferring viewport screenshot; exact-owned wake schedule remains active path=<stage>/live-after.png visible=false frontmost=false reason_code="defer_probe_pending"
2026-08-27T05:43:03.430236Z  INFO corrald_ui::app: exact-owned native window wake completed pid=86575 command=<external-temp>
2026-08-27T05:43:03.449095Z  INFO corrald_ui::native_window_probe: native window probe evaluation sample_id=1 timestamp_unix_ms=1787809383449 action="dispatch_evaluation" pid=86575 process_pid=Some(86575) exact_pid_match=true process_visible=Some(true) window_visible=Some(true) frontmost=Some(true) key_window=Some(true) main_window=Some(true) frontmost_application_pid=Some(86575) frontmost_application_matches_target=Some(true) cg_owner_pid_match=Some(true) cg_window_count=1 non_target_window_count=Some(25) cg_windows={"action":"dispatch_evaluation","cg_error":null,"cg_owner_pid_match":true,"cg_window_list":[{"bounds":{"height":892.0,"width":1320.0,"x":300.0,"y":70.0},"layer":0,"onscreen":true,"placement":14,"window_number":10883}],"exact_pid_match":true,"frontmost":true,"frontmost_application_matches_target":true,"frontmost_application_pid":86575,"frontmost_gate":true,"key_window":true,"main_window":true,"non_target_window_count":25,"pid":86575,"probe_error":null,"probe_ok":true,"process_pid":86575,"process_visible":true,"reason_code":"dispatch_ready","sample_id":1,"timestamp_unix_ms":1787809383449,"visible_gate":true,"window_visible":true} reason_code="dispatch_ready"
2026-08-27T05:43:03.454546Z  INFO corrald_ui::app: requesting viewport screenshot path=<stage>/live-after.png attempt=1 visible=true frontmost=true reason_code="dispatch_ready"
2026-08-27T05:43:03.505562Z  INFO corrald_ui::app: screenshot event received path=<stage>/live-after.png width=1320 height=860 pixels=1135200
2026-08-27T05:43:03.510693Z  INFO corrald_ui::app: screenshot saved — exiting path=<stage>/live-after.png

--- native window probe records ---
{"action":"dispatch_evaluation","cg_error":null,"cg_owner_pid_match":true,"cg_window_list":[{"bounds":{"height":892.0,"width":1320.0,"x":300.0,"y":70.0},"layer":0,"onscreen":true,"placement":14,"window_number":10883}],"exact_pid_match":true,"frontmost":true,"frontmost_application_matches_target":true,"frontmost_application_pid":86575,"frontmost_gate":true,"key_window":true,"main_window":true,"non_target_window_count":25,"pid":86575,"probe_error":null,"probe_ok":true,"process_pid":86575,"process_visible":true,"reason_code":"dispatch_ready","sample_id":1,"timestamp_unix_ms":1787809383449,"visible_gate":true,"window_visible":true}
