src/core/store/publication_tests.rs
 14: fn random(seed: &mut u64) -> u64
 22: fn agent(seed: &mut u64, id: usize) -> Agent
 59: fn old_wire_value(epoch: &str, data: &impl serde::Serialize) -> serde_json::Value
 68: async fn old_event(kind: &str, rev: u64, epoch: &str, data: &impl serde::Serialize) -> Bytes
 84: async fn randomized_publications_match_old_snapshot_and_sse_bytes()
186: async fn reads_and_initial_sse_do_not_wait_for_writer_or_publisher()
237: async fn publication_is_atomic_and_retained_buffers_stay_unchanged()
278: async fn cached_resume_matches_epoch_and_history_rules()
329: async fn sse_subscribe_boundary_and_lag_recovery_never_replay_older_deltas()
372: async fn g560_unchanged_ticks_keep_publication_identity()
405: async fn g560_dead_plane_ages_reuse_agent_encoding()
491: async fn g560_real_change_reaches_http_and_sse_within_bound()
561: async fn g560_agent_cache_invalidates_on_content_and_stale_projection()
627: async fn g560_cached_encoder_matches_independent_bytes()
670: async fn g560_equal_age_still_refreshes_its_time_origin()

src/core/store/published.rs
 18: pub(super) struct EncodedAgents
 23: impl EncodedAgents
 36: pub struct PublishedSnapshot
 51: impl PublishedSnapshot
139: pub(crate) fn wire_bytes(epoch: &str, data: &impl serde::Serialize) -> Bytes
143: fn wire_bytes_with_agents(
173: pub(crate) fn event_bytes(kind: &str, rev: u64, body: &[u8]) -> Bytes

src/core/store.rs
 29: mod publication_tests
 30: mod published
 35: const HISTORY_CAP: usize
 37: const BROADCAST_CAP: usize
 39: const FOREGROUND_TICK: Duration
 45: const BACKGROUND_TICK: Duration
 48: struct Inner
 68: pub struct GitPlaneHealth
 77: impl Default for GitPlaneHealth
 90: impl GitPlaneHealth
109: impl GitFactAge
121: pub struct Store
150: impl Default for Store
189: impl Store
666: fn now_millis() -> u64
673: fn new_epoch() -> String
