renderer: /Users/jirathip/Library/Caches/ms-playwright/chromium_headless_shell-1234/chrome-headless-shell-mac-arm64/chrome-headless-shell
stages: 21
OK  herd-v1-mocha-blocked-heavy-390x844.png  390x844  (2x 780x1688)
OK  herd-v1-mocha-dense-fleet-390x844.png  390x844  (2x 780x1688)
OK  herd-v1-mocha-disconnected-390x844.png  390x844  (2x 780x1688)
OK  herd-v1-latte-blocked-heavy-390x844.png  390x844  (2x 780x1688)
OK  herd-v1-latte-dense-fleet-390x844.png  390x844  (2x 780x1688)
OK  herd-v1-latte-disconnected-390x844.png  390x844  (2x 780x1688)
OK  herd-v1-mocha-detail-sheet-390x844.png  390x844  (2x 780x1688)
OK  herd-v1-mocha-filter-sheet-390x844.png  390x844  (2x 780x1688)
OK  herd-v1-mocha-reduce-motion-390x844.png  390x844  (2x 780x1688)
OK  herd-v1-latte-repo-scoped-390x844.png  390x844  (2x 780x1688)
OK  herd-v2-mocha-blocked-heavy-390x844.png  390x844  (2x 780x1688)
OK  herd-v2-mocha-dense-fleet-390x844.png  390x844  (2x 780x1688)
OK  herd-v2-mocha-disconnected-390x844.png  390x844  (2x 780x1688)
OK  herd-v2-latte-blocked-heavy-390x844.png  390x844  (2x 780x1688)
OK  herd-v2-latte-dense-fleet-390x844.png  390x844  (2x 780x1688)
OK  herd-v2-latte-disconnected-390x844.png  390x844  (2x 780x1688)
OK  herd-v2-mocha-detail-sheet-390x844.png  390x844  (2x 780x1688)
OK  herd-v2-mocha-filter-sheet-390x844.png  390x844  (2x 780x1688)
OK  herd-v2-mocha-reduce-motion-390x844.png  390x844  (2x 780x1688)
OK  herd-v2-latte-repo-scoped-390x844.png  390x844  (2x 780x1688)
OK  board-mocha-blocked-heavy-390x844.png  390x844  (2x 780x1688)
RENDER OK: 21 PNGs at exactly 390x844
