PROVENANCE.md: OK
README.md: OK
board-mocha-blocked-heavy-390x844.png: OK
herd-v1-latte-blocked-heavy-390x844.png: OK
herd-v1-latte-dense-fleet-390x844.png: OK
herd-v1-latte-disconnected-390x844.png: OK
herd-v1-latte-repo-scoped-390x844.png: OK
herd-v1-mocha-blocked-heavy-390x844.png: OK
herd-v1-mocha-dense-fleet-390x844.png: OK
herd-v1-mocha-detail-sheet-390x844.png: OK
herd-v1-mocha-disconnected-390x844.png: OK
herd-v1-mocha-filter-sheet-390x844.png: OK
herd-v1-mocha-reduce-motion-390x844.png: OK
herd-v2-latte-blocked-heavy-390x844.png: OK
herd-v2-latte-dense-fleet-390x844.png: OK
herd-v2-latte-disconnected-390x844.png: OK
herd-v2-latte-repo-scoped-390x844.png: OK
herd-v2-mocha-blocked-heavy-390x844.png: OK
herd-v2-mocha-dense-fleet-390x844.png: OK
herd-v2-mocha-detail-sheet-390x844.png: OK
herd-v2-mocha-disconnected-390x844.png: OK
herd-v2-mocha-filter-sheet-390x844.png: OK
herd-v2-mocha-reduce-motion-390x844.png: OK
index.html: OK
prototype-v1-pasture-panorama.html: OK
prototype-v2-ranch-map.html: OK
scripts/build.py: OK
scripts/check-dimensions.py: OK
scripts/fixtures.py: OK
scripts/horsesvg.py: OK
scripts/measure.py: OK
scripts/mutate.py: OK
scripts/privacy-scan.sh: OK
scripts/render.py: OK
scripts/run-gates.sh: OK
scripts/scope-audit.sh: OK
scripts/verify.py: OK
sprite-sheet.html: OK
stage/board-mocha-blocked-heavy.html: OK
stage/herd-v1-latte-blocked-heavy.html: OK
stage/herd-v1-latte-dense-fleet.html: OK
stage/herd-v1-latte-disconnected.html: OK
stage/herd-v1-latte-repo-scoped.html: OK
stage/herd-v1-mocha-blocked-heavy.html: OK
stage/herd-v1-mocha-dense-fleet.html: OK
stage/herd-v1-mocha-detail-sheet.html: OK
stage/herd-v1-mocha-disconnected.html: OK
stage/herd-v1-mocha-filter-sheet.html: OK
stage/herd-v1-mocha-reduce-motion.html: OK
stage/herd-v2-latte-blocked-heavy.html: OK
stage/herd-v2-latte-dense-fleet.html: OK
stage/herd-v2-latte-disconnected.html: OK
stage/herd-v2-latte-repo-scoped.html: OK
stage/herd-v2-mocha-blocked-heavy.html: OK
stage/herd-v2-mocha-dense-fleet.html: OK
stage/herd-v2-mocha-detail-sheet.html: OK
stage/herd-v2-mocha-disconnected.html: OK
stage/herd-v2-mocha-filter-sheet.html: OK
stage/herd-v2-mocha-reduce-motion.html: OK
stage/specs.json: OK
