== gitleaks ==

    ○
    │╲
    │ ○
    ○ ░
    ░    gitleaks

[90m6:39PM[0m [32mINF[0m [1mscanned ~29796846 bytes (29.80 MB) in 1.04s[0m
[90m6:39PM[0m [32mINF[0m [1mno leaks found[0m
gitleaks exit=0
== grep battery (text files, excluding this scanner + the pattern source) ==
clean [synergyservices]
clean [jirathip(?!-dev/corral)]
clean [AKIA[0-9A-Z]{16}]
clean [ghp_[A-Za-z0-9]{30,}]
clean [sk-[A-Za-z0-9]{20,}]
clean [-----BEGIN [A-Z ]*PRIVATE KEY]
clean [[A-Za-z0-9._%+-]+@(?!example\.invalid)[A-Za-z0-9.-]+\.(com|org|net|co\.th|th)\b]
clean [\b(password|passwd|api[_-]?key|secret)\s*[:=]\s*["'][^"']{6,}]
clean [tail8c3301|ts\.net]
clean [/Users/[a-z]+/]
== fictional-fixture audit ==
repos: ['atlas-vector', 'fern-quarry', 'orchard-lane', 'project-hearthwild-monorepo']
lanes: 18 ['aspen-grove', 'birch-clearing', 'bracken-moor', 'cedar-ridge', 'elder-flats', 'hawthorn-fork', 'hazel-hollow', 'juniper-south', 'maple-stand', 'oak-before-dark', 'rowan-copse', 'sloe-bank', 'spruce-hollow', 'sumac-row', 'thistle-drum', 'vetch-meadow', 'willow-bend', 'yarrow-flat']
hosts: ['bazzite', 'mac-mini']
fixture audit OK: all repos/lanes/hosts invented; no real project names
privacy-scan exit=0
