    Checking libc v0.2.189
    Checking zeroize v1.9.0
    Checking cfg-if v1.0.4
    Checking typenum v1.20.1
    Checking subtle v2.6.1
    Checking rand_core v0.10.1
    Checking log v0.4.33
    Checking pin-project-lite v0.2.17
    Checking getrandom v0.4.3
    Checking hybrid-array v0.4.14
    Checking cmov v0.5.4
    Checking ctutils v0.4.2
    Checking once_cell v1.21.4
    Checking futures-core v0.3.34
    Checking bytes v1.12.1
    Checking const-oid v0.10.2
    Checking itoa v1.0.18
    Checking zerofrom v0.1.8
    Checking crypto-common v0.2.2
    Checking errno v0.3.14
    Checking bitflags v2.13.1
    Checking core-foundation-sys v0.8.7
    Checking stable_deref_trait v1.2.1
    Checking yoke v0.8.3
    Checking futures-sink v0.3.34
    Checking block-buffer v0.12.1
    Checking zerovec v0.11.7
    Checking digest v0.11.3
    Checking signal-hook-registry v1.4.8
    Checking http v1.5.0
    Checking tracing-core v0.1.36
    Checking mio v1.2.2
    Checking socket2 v0.6.5
    Checking slab v0.4.12
    Checking tokio v1.53.1
    Checking futures-channel v0.3.34
    Checking smallvec v1.15.2
    Checking memchr v2.8.3
    Checking tracing v0.1.44
    Checking futures-io v0.3.34
    Checking futures-task v0.3.34
    Checking futures-util v0.3.34
    Checking tinystr v0.8.4
    Checking litemap v0.8.3
    Checking writeable v0.6.4
    Checking num-traits v0.2.19
    Checking icu_locale_core v2.3.0
    Checking zerotrie v0.2.5
    Checking http-body v1.1.0
    Checking potential_utf v0.1.6
    Checking base64ct v1.8.3
    Checking percent-encoding v2.3.2
    Checking utf8_iter v1.0.4
    Checking pem-rfc7468 v1.0.0
    Checking icu_collections v2.3.0
    Checking icu_provider v2.3.0
    Checking httparse v1.10.1
    Checking aws-lc-sys v0.44.0
    Checking equivalent v1.0.2
    Checking tower-service v0.3.3
    Checking cpubits v0.1.1
    Checking hashbrown v0.17.1
    Checking aws-lc-rs v1.18.0
    Checking indexmap v2.14.0
    Checking crypto-bigint v0.7.5
    Checking generic-array v0.14.7
    Checking icu_properties_data v2.3.0
    Checking serde_core v1.0.229
    Checking der v0.8.1
    Checking icu_normalizer_data v2.3.0
    Checking tokio-util v0.7.19
    Checking ff v0.14.0
    Checking rustls-pki-types v1.15.1
    Checking untrusted v0.9.0
    Checking atomic-waker v1.1.2
    Checking try-lock v0.2.5
    Checking fnv v1.0.7
    Checking want v0.3.1
    Checking h2 v0.4.16
    Checking rustls-webpki v0.103.14
    Checking icu_normalizer v2.3.0
    Checking icu_properties v2.3.0
    Checking zerocopy v0.8.56
    Checking system-configuration-sys v0.6.0
    Checking getrandom v0.3.4
    Checking form_urlencoded v1.2.2
    Checking core-foundation v0.9.4
    Checking core-foundation v0.10.1
    Checking security-framework-sys v2.17.0
    Checking sync_wrapper v1.0.2
    Checking httpdate v1.0.3
    Checking tower-layer v0.3.3
    Checking hyper v1.11.0
    Checking ppv-lite86 v0.2.21
    Checking security-framework v3.7.0
    Checking system-configuration v0.7.0
    Checking rand_core v0.9.5
    Checking idna_adapter v1.2.2
    Checking rustls v0.23.45
    Checking group v0.14.0
    Checking spki v0.8.0
    Checking crypto-common v0.1.7
    Checking block-buffer v0.10.4
    Checking signature v3.0.0
    Checking ipnet v2.12.1
    Checking base64 v0.22.1
    Checking base16ct v1.0.0
    Checking sec1 v0.8.1
    Checking hyper-util v0.1.20
    Checking serde v1.0.229
    Checking digest v0.10.7
    Checking pkcs8 v0.11.0
    Checking idna v1.1.0
    Checking rand_chacha v0.9.0
    Checking zmij v1.0.23
    Checking tower v0.5.3
    Checking http-body-util v0.1.5
    Checking cpufeatures v0.3.0
    Checking cpufeatures v0.2.17
    Checking mime v0.3.17
    Checking thiserror v2.0.20
    Checking sha2 v0.11.0
    Checking sha1 v0.10.7
    Checking serde_json v1.0.151
    Checking url v2.5.8
    Checking rand v0.9.5
    Checking curve25519-dalek v5.0.0
    Checking elliptic-curve v0.14.1
    Checking tokio-rustls v0.26.4
    Checking primefield v0.14.0
    Checking hmac v0.13.0
    Checking data-encoding v2.11.1
    Checking regex-syntax v0.8.11
    Checking tungstenite v0.29.0
    Checking rfc6979 v0.6.0
    Checking wnaf v0.14.1
    Checking regex-automata v0.4.18
    Checking hyper-rustls v0.27.9
    Checking tower-http v0.6.11
    Checking libz-sys v1.1.29
    Checking rustls-platform-verifier v0.7.0
    Checking ed25519 v3.0.0
    Checking futures-executor v0.3.34
    Checking keyring-core v1.0.0
    Checking encoding_rs v0.8.35
    Checking lazy_static v1.5.0
    Checking same-file v1.0.6
    Checking ryu v1.0.23
    Checking serde_urlencoded v0.7.1
    Checking walkdir v2.5.0
    Checking sharded-slab v0.1.7
    Checking reqwest v0.13.4
    Checking matchers v0.2.0
    Checking apple-native-keyring-store v1.0.2
    Checking futures v0.3.34
    Checking ed25519-dalek v3.0.0
    Checking libgit2-sys v0.18.8+1.9.7
    Checking primeorder v0.14.0
    Checking ecdsa v0.17.0
    Checking tokio-tungstenite v0.29.0
    Checking axum-core v0.5.6
    Checking serde_path_to_error v0.1.20
    Checking tracing-log v0.2.0
    Checking iana-time-zone v0.1.65
    Checking notify-types v2.1.0
    Checking fsevent-sys v4.1.0
    Checking thread_local v1.1.10
    Checking base64 v0.23.1
    Checking nu-ansi-term v0.50.3
    Checking matchit v0.8.4
    Checking tracing-subscriber v0.3.23
    Checking axum v0.8.9
    Checking notify v8.2.0
    Checking chrono v0.4.45
    Checking p256 v0.14.0
    Checking git2 v0.21.0
    Checking keyring v4.1.6
    Checking x25519-dalek v3.0.0
    Checking rustix v1.1.4
    Checking fastrand v2.5.0
    Checking tempfile v3.27.0
    Checking corrald-client v0.1.0 (/Users/jirathip/.herdr/worktrees/corral/impl560-publishskip/crates/corrald-client)
    Checking corrald v0.1.0 (/Users/jirathip/.herdr/worktrees/corral/impl560-publishskip)
    Finished `dev` profile [unoptimized] target(s) in 34.55s
