flock[48717]: format=dir owner=89021 wait=0s decision=wait reason=contention
flock[48717]: format=dir owner=89021 wait=5s decision=wait reason=contention
flock[48717]: format=dir owner=89021 wait=10s decision=wait reason=contention
flock[48717]: format=dir owner=89021 wait=16s decision=wait reason=contention
flock[48717]: format=dir owner=89021 wait=21s decision=wait reason=contention
flock[48717]: format=dir owner=32156 wait=26s decision=wait reason=contention
flock[48717]: format=dir owner=32156 wait=31s decision=wait reason=contention
flock[48717]: format=dir owner=32156 wait=36s decision=wait reason=contention
flock[48717]: format=dir owner=32156 wait=41s decision=wait reason=contention
flock[48717]: format=dir owner=32156 wait=46s decision=wait reason=contention
flock[48717]: format=dir owner=32156 wait=51s decision=wait reason=contention
flock[48717]: format=dir owner=32156 wait=56s decision=wait reason=contention
flock[48717]: format=dir owner=32156 wait=62s decision=wait reason=contention
flock[48717]: format=dir owner=32156 wait=67s decision=wait reason=contention
flock[48717]: format=dir owner=32156 wait=72s decision=wait reason=contention
flock[48717]: format=dir owner=32156 wait=77s decision=wait reason=contention
flock[48717]: format=dir owner=32156 wait=82s decision=wait reason=contention
flock[48717]: format=dir owner=32156 wait=87s decision=wait reason=contention
flock[48717]: format=dir owner=32156 wait=92s decision=wait reason=contention
flock[48717]: format=dir owner=32156 wait=98s decision=wait reason=contention
flock[48717]: format=dir owner=32156 wait=103s decision=wait reason=contention
flock[48717]: format=dir owner=32156 wait=108s decision=wait reason=contention
flock[48717]: format=dir owner=32156 wait=113s decision=wait reason=contention
flock[48717]: format=dir owner=32156 wait=118s decision=wait reason=contention
flock[48717]: format=dir owner=32156 wait=123s decision=wait reason=contention
flock[48717]: format=dir owner=32156 wait=128s decision=wait reason=contention
flock[48717]: format=dir owner=32156 wait=133s decision=wait reason=contention
flock[48717]: format=dir owner=32156 wait=138s decision=wait reason=contention
flock[48717]: format=dir owner=32156 wait=144s decision=wait reason=contention
flock[48717]: format=dir owner=32156 wait=149s decision=wait reason=contention
flock[48717]: format=dir owner=32156 wait=154s decision=wait reason=contention
flock[48717]: format=dir owner=32156 wait=159s decision=wait reason=contention
flock[48717]: format=dir owner=32156 wait=164s decision=wait reason=contention
flock[48717]: format=dir owner=32156 wait=169s decision=wait reason=contention
flock[48717]: format=dir owner=32156 wait=174s decision=wait reason=contention
flock[48717]: format=dir owner=32156 wait=180s decision=wait reason=contention
flock[48717]: format=dir owner=32156 wait=185s decision=wait reason=contention
flock[48717]: format=dir owner=32156 wait=190s decision=wait reason=contention
flock[48717]: format=dir owner=32156 wait=195s decision=wait reason=contention
flock[48717]: format=dir owner=32156 wait=200s decision=wait reason=contention
flock[48717]: format=dir owner=32156 wait=205s decision=wait reason=contention
flock[48717]: format=dir owner=32156 wait=210s decision=wait reason=contention
flock[48717]: format=dir owner=32156 wait=216s decision=wait reason=contention
flock[48717]: format=dir owner=32156 wait=221s decision=wait reason=contention
flock[48717]: format=dir owner=32156 wait=226s decision=wait reason=contention
flock[48717]: format=dir owner=32156 wait=231s decision=wait reason=contention
flock[48717]: format=dir owner=32156 wait=236s decision=wait reason=contention
flock[48717]: format=dir owner=32156 wait=241s decision=wait reason=contention
flock[48717]: format=dir owner=40668 wait=247s decision=wait reason=contention
flock[48717]: format=dir owner=40668 wait=253s decision=wait reason=contention
flock[48717]: format=dir owner=40668 wait=258s decision=wait reason=contention
flock[48717]: format=dir owner=40668 wait=263s decision=wait reason=contention
flock[48717]: format=dir owner=40668 wait=269s decision=wait reason=contention
flock[48717]: format=dir owner=40668 wait=275s decision=wait reason=contention
flock[48717]: format=dir owner=40668 wait=282s decision=wait reason=contention
flock[48717]: format=dir owner=40668 wait=287s decision=wait reason=contention
flock[48717]: format=dir owner=40668 wait=293s decision=wait reason=contention
flock[48717]: format=dir owner=40668 wait=298s decision=wait reason=contention
flock[48717]: format=dir owner=40668 wait=303s decision=wait reason=contention
flock[48717]: format=dir owner=40668 wait=308s decision=wait reason=contention
flock[48717]: format=dir owner=40668 wait=314s decision=wait reason=contention
flock[48717]: format=dir owner=40668 wait=319s decision=wait reason=contention
flock[48717]: format=dir owner=40668 wait=324s decision=wait reason=contention
flock[48717]: format=dir owner=40668 wait=330s decision=wait reason=contention
flock[48717]: format=dir owner=40668 wait=336s decision=wait reason=contention
flock[48717]: format=dir owner=40668 wait=343s decision=wait reason=contention
flock[48717]: format=dir owner=40668 wait=349s decision=wait reason=contention
flock[48717]: format=dir owner=40668 wait=356s decision=wait reason=contention
flock[48717]: format=dir owner=40668 wait=362s decision=wait reason=contention
flock[48717]: format=dir owner=40668 wait=369s decision=wait reason=contention
flock[48717]: format=dir owner=40668 wait=375s decision=wait reason=contention
flock[48717]: format=dir owner=40668 wait=381s decision=wait reason=contention
flock[48717]: format=dir owner=40668 wait=387s decision=wait reason=contention
flock[48717]: format=dir owner=40668 wait=392s decision=wait reason=contention
flock[48717]: format=dir owner=40668 wait=398s decision=wait reason=contention
flock[48717]: format=dir owner=40668 wait=404s decision=wait reason=contention
flock[48717]: format=dir owner=40668 wait=410s decision=wait reason=contention
flock[48717]: format=dir owner=40668 wait=415s decision=wait reason=contention
flock[48717]: format=dir owner=40668 wait=420s decision=wait reason=contention
flock[48717]: format=dir owner=40668 wait=425s decision=wait reason=contention
flock[48717]: format=dir owner=40668 wait=430s decision=wait reason=contention
flock[48717]: format=dir owner=40668 wait=436s decision=wait reason=contention
flock[48717]: format=dir owner=40668 wait=441s decision=wait reason=contention
flock[48717]: format=dir owner=40668 wait=446s decision=wait reason=contention
flock[48717]: format=dir owner=40668 wait=451s decision=wait reason=contention
flock[48717]: format=dir owner=40668 wait=456s decision=wait reason=contention
flock[48717]: format=dir owner=40668 wait=462s decision=wait reason=contention
flock[48717]: format=dir owner=40668 wait=467s decision=wait reason=contention
flock[48717]: format=dir owner=40668 wait=472s decision=wait reason=contention
flock[48717]: format=dir owner=40668 wait=479s decision=wait reason=contention
flock[48717]: format=dir owner=40668 wait=485s decision=wait reason=contention
flock[48717]: format=dir owner=40668 wait=491s decision=wait reason=contention
flock[48717]: format=dir owner=40668 wait=496s decision=wait reason=contention
flock[48717]: format=dir owner=40668 wait=501s decision=wait reason=contention
flock[48717]: format=dir owner=40668 wait=507s decision=wait reason=contention
flock[48717]: format=dir owner=40668 wait=522s decision=wait reason=contention
flock[48717]: format=dir owner=40668 wait=531s decision=wait reason=contention
flock[48717]: format=dir owner=40668 wait=536s decision=wait reason=contention
flock[48717]: format=dir owner=40668 wait=542s decision=wait reason=contention
flock[48717]: format=dir owner=40668 wait=547s decision=wait reason=contention
flock[48717]: format=dir owner=40668 wait=557s decision=wait reason=contention
flock[48717]: format=dir owner=40668 wait=565s decision=wait reason=contention
flock[48717]: format=dir owner=40668 wait=570s decision=wait reason=contention
flock[48717]: format=dir owner=40668 wait=576s decision=wait reason=contention
flock[48717]: format=dir owner=40668 wait=581s decision=wait reason=contention
flock[48717]: format=dir owner=40668 wait=587s decision=wait reason=contention
flock[48717]: format=dir owner=40668 wait=592s decision=wait reason=contention
flock[48717]: format=dir owner=40668 wait=597s decision=wait reason=contention
flock[48717]: format=dir owner=40668 wait=603s decision=wait reason=contention
flock[48717]: format=dir owner=40668 wait=608s decision=wait reason=contention
flock[48717]: format=dir owner=40668 wait=614s decision=wait reason=contention
flock[48717]: format=dir owner=40668 wait=620s decision=wait reason=contention
flock[48717]: format=dir owner=40668 wait=626s decision=wait reason=contention
flock[48717]: format=dir owner=40668 wait=632s decision=wait reason=contention
flock[48717]: format=dir owner=40668 wait=637s decision=wait reason=contention
flock[48717]: format=dir owner=40668 wait=643s decision=wait reason=contention
flock[48717]: format=dir owner=40668 wait=648s decision=wait reason=contention
flock[48717]: format=dir owner=40668 wait=656s decision=wait reason=contention
flock[48717]: format=dir owner=40668 wait=663s decision=wait reason=contention
flock[48717]: format=dir owner=40668 wait=668s decision=wait reason=contention
flock[48717]: format=dir owner=40668 wait=673s decision=wait reason=contention
flock[48717]: format=dir owner=40668 wait=679s decision=wait reason=contention
flock[48717]: format=dir owner=40668 wait=684s decision=wait reason=contention
flock[48717]: format=dir owner=40668 wait=690s decision=wait reason=contention
flock[48717]: format=dir owner=40668 wait=695s decision=wait reason=contention
flock[48717]: format=dir owner=40668 wait=701s decision=wait reason=contention
flock[48717]: format=dir owner=40668 wait=706s decision=wait reason=contention
flock[48717]: format=dir owner=40668 wait=712s decision=wait reason=contention
flock[48717]: format=dir owner=40668 wait=717s decision=wait reason=contention
flock[48717]: format=dir owner=40668 wait=722s decision=wait reason=contention
flock[48717]: format=dir owner=40668 wait=727s decision=wait reason=contention
flock[48717]: format=dir owner=40668 wait=733s decision=wait reason=contention
flock[48717]: format=dir owner=40668 wait=738s decision=wait reason=contention
flock[48717]: format=dir owner=40668 wait=743s decision=wait reason=contention
flock[48717]: format=dir owner=40668 wait=748s decision=wait reason=contention
flock[48717]: format=dir owner=40668 wait=753s decision=wait reason=contention
flock[48717]: format=dir owner=40668 wait=758s decision=wait reason=contention
flock[48717]: format=dir owner=40668 wait=764s decision=wait reason=contention
flock[48717]: format=dir owner=40668 wait=769s decision=wait reason=contention
flock[48717]: format=dir owner=40668 wait=774s decision=wait reason=contention
flock[48717]: format=dir owner=40668 wait=779s decision=wait reason=contention
flock[48717]: format=dir owner=40668 wait=784s decision=wait reason=contention
flock[48717]: format=dir owner=40668 wait=789s decision=wait reason=contention
flock[48717]: format=dir owner=40668 wait=794s decision=wait reason=contention
flock[48717]: format=dir owner=40668 wait=799s decision=wait reason=contention
flock[48717]: format=dir owner=40668 wait=804s decision=wait reason=contention
flock[48717]: format=dir owner=40668 wait=810s decision=wait reason=contention
flock[48717]: format=dir owner=40668 wait=815s decision=wait reason=contention
flock[48717]: format=dir owner=40668 wait=820s decision=wait reason=contention
flock[48717]: format=dir owner=40668 wait=825s decision=wait reason=contention
flock[48717]: format=dir owner=40668 wait=830s decision=wait reason=contention
flock[48717]: format=dir owner=40668 wait=835s decision=wait reason=contention
flock[48717]: format=dir owner=40668 wait=840s decision=wait reason=contention
flock[48717]: format=dir owner=40668 wait=845s decision=wait reason=contention
flock[48717]: format=dir owner=40668 wait=850s decision=wait reason=contention
flock[48717]: format=dir owner=40668 wait=856s decision=wait reason=contention
flock[48717]: format=dir owner=40668 wait=861s decision=wait reason=contention
flock[48717]: format=dir owner=40668 wait=866s decision=wait reason=contention
flock[48717]: format=dir owner=40668 wait=871s decision=wait reason=contention
flock[48717]: format=dir owner=40668 wait=876s decision=wait reason=contention
flock[48717]: format=dir owner=40668 wait=881s decision=wait reason=contention
flock[48717]: format=dir owner=40668 wait=886s decision=wait reason=contention
flock[48717]: format=dir owner=48717 wait=891s decision=acquired
{"command": ["cargo", "test", "-p", "corrald", "g560_unchanged_ticks_keep_publication_identity", "--", "--nocapture"], "cwd": "/Users/jirathip/.herdr/worktrees/corral/impl560-publishskip", "raw_exit": 0, "timed_out": false, "source_sha256": {"src/core/store.rs": "9eb41d39b247999e2320e92b66e0d5e9e0aea922e3e2d7ed22397791b0f31f9f", "src/core/store/published.rs": "d2f395985b33745dfcb4c725c10b224d3253ace41646798b1872fbcfedecf956", "src/core/store/publication_tests.rs": "80d3ac08c9a1451fb2ef3a6148b58e0d07df2419fa026a43ea334472bd82d243", "src/main.rs": "d0af3ef031fd10eaaaf27e2dd29e078e459284b57cabe8378c15f40c4a7b0b50"}, "elapsed_seconds": 42.75986225000088, "log": "/Users/jirathip/.herdr/worktrees/corral/impl560-publishskip/docs/evidence/issue-560/runs/green-regression.log", "head": "7696af2a83f64df7ae9841284a9a7eae20df1d45", "environment": {"CARGO_BUILD_JOBS": "2", "CARGO_PROFILE_TEST_DEBUG": "0", "CARGO_PROFILE_DEV_DEBUG": "0", "CARGO_TARGET_DIR": "/tmp/g560-target", "CARGO_TERM_COLOR": "never", "CARGO_INCREMENTAL": "0"}}
{"command": ["cargo", "test", "-p", "corrald", "g560_", "--", "--nocapture"], "cwd": "/Users/jirathip/.herdr/worktrees/corral/impl560-publishskip", "raw_exit": 0, "timed_out": false, "source_sha256": {"src/core/store.rs": "9eb41d39b247999e2320e92b66e0d5e9e0aea922e3e2d7ed22397791b0f31f9f", "src/core/store/published.rs": "d2f395985b33745dfcb4c725c10b224d3253ace41646798b1872fbcfedecf956", "src/core/store/publication_tests.rs": "80d3ac08c9a1451fb2ef3a6148b58e0d07df2419fa026a43ea334472bd82d243", "src/main.rs": "d0af3ef031fd10eaaaf27e2dd29e078e459284b57cabe8378c15f40c4a7b0b50"}, "elapsed_seconds": 6.6349570419988595, "log": "/Users/jirathip/.herdr/worktrees/corral/impl560-publishskip/docs/evidence/issue-560/runs/green-focused.log", "head": "7696af2a83f64df7ae9841284a9a7eae20df1d45", "environment": {"CARGO_BUILD_JOBS": "2", "CARGO_PROFILE_TEST_DEBUG": "0", "CARGO_PROFILE_DEV_DEBUG": "0", "CARGO_TARGET_DIR": "/tmp/g560-target", "CARGO_TERM_COLOR": "never", "CARGO_INCREMENTAL": "0"}}
{"command": ["cargo", "test", "-p", "corrald", "randomized_publications_match_old_snapshot_and_sse_bytes", "--", "--nocapture"], "cwd": "/Users/jirathip/.herdr/worktrees/corral/impl560-publishskip", "raw_exit": 0, "timed_out": false, "source_sha256": {"src/core/store.rs": "9eb41d39b247999e2320e92b66e0d5e9e0aea922e3e2d7ed22397791b0f31f9f", "src/core/store/published.rs": "d2f395985b33745dfcb4c725c10b224d3253ace41646798b1872fbcfedecf956", "src/core/store/publication_tests.rs": "80d3ac08c9a1451fb2ef3a6148b58e0d07df2419fa026a43ea334472bd82d243", "src/main.rs": "d0af3ef031fd10eaaaf27e2dd29e078e459284b57cabe8378c15f40c4a7b0b50"}, "elapsed_seconds": 1.358775250002509, "log": "/Users/jirathip/.herdr/worktrees/corral/impl560-publishskip/docs/evidence/issue-560/runs/oracle.log", "head": "7696af2a83f64df7ae9841284a9a7eae20df1d45", "environment": {"CARGO_BUILD_JOBS": "2", "CARGO_PROFILE_TEST_DEBUG": "0", "CARGO_PROFILE_DEV_DEBUG": "0", "CARGO_TARGET_DIR": "/tmp/g560-target", "CARGO_TERM_COLOR": "never", "CARGO_INCREMENTAL": "0"}}
{"command": ["cargo", "fmt", "--all", "--", "--check"], "cwd": "/Users/jirathip/.herdr/worktrees/corral/impl560-publishskip", "raw_exit": 0, "timed_out": false, "source_sha256": {"src/core/store.rs": "9eb41d39b247999e2320e92b66e0d5e9e0aea922e3e2d7ed22397791b0f31f9f", "src/core/store/published.rs": "d2f395985b33745dfcb4c725c10b224d3253ace41646798b1872fbcfedecf956", "src/core/store/publication_tests.rs": "80d3ac08c9a1451fb2ef3a6148b58e0d07df2419fa026a43ea334472bd82d243", "src/main.rs": "d0af3ef031fd10eaaaf27e2dd29e078e459284b57cabe8378c15f40c4a7b0b50"}, "elapsed_seconds": 0.3716414579976117, "log": "/Users/jirathip/.herdr/worktrees/corral/impl560-publishskip/docs/evidence/issue-560/runs/fmt.log", "head": "7696af2a83f64df7ae9841284a9a7eae20df1d45", "environment": {"CARGO_BUILD_JOBS": "2", "CARGO_PROFILE_TEST_DEBUG": "0", "CARGO_PROFILE_DEV_DEBUG": "0", "CARGO_TARGET_DIR": "/tmp/g560-target", "CARGO_TERM_COLOR": "never", "CARGO_INCREMENTAL": "0"}}
{"command": ["cargo", "clippy", "--all-targets", "--all-features", "--", "-D", "warnings"], "cwd": "/Users/jirathip/.herdr/worktrees/corral/impl560-publishskip", "raw_exit": 0, "timed_out": false, "source_sha256": {"src/core/store.rs": "9eb41d39b247999e2320e92b66e0d5e9e0aea922e3e2d7ed22397791b0f31f9f", "src/core/store/published.rs": "d2f395985b33745dfcb4c725c10b224d3253ace41646798b1872fbcfedecf956", "src/core/store/publication_tests.rs": "80d3ac08c9a1451fb2ef3a6148b58e0d07df2419fa026a43ea334472bd82d243", "src/main.rs": "d0af3ef031fd10eaaaf27e2dd29e078e459284b57cabe8378c15f40c4a7b0b50"}, "elapsed_seconds": 34.78184012500424, "log": "/Users/jirathip/.herdr/worktrees/corral/impl560-publishskip/docs/evidence/issue-560/runs/clippy.log", "head": "7696af2a83f64df7ae9841284a9a7eae20df1d45", "environment": {"CARGO_BUILD_JOBS": "2", "CARGO_PROFILE_TEST_DEBUG": "0", "CARGO_PROFILE_DEV_DEBUG": "0", "CARGO_TARGET_DIR": "/tmp/g560-target", "CARGO_TERM_COLOR": "never", "CARGO_INCREMENTAL": "0"}}
G560_FOCUSED_GATES_COMPLETE
