   Compiling corrald v0.1.0 (/Users/jirathip/.herdr/worktrees/corral/impl560-publishskip)
    Finished `test` profile [unoptimized] target(s) in 28.09s
     Running unittests src/lib.rs (/tmp/g560-target/debug/deps/corrald-e422046a6a80e4fc)

running 1 test
G560_IDENTITY enabled=false agents=200 republications=0/10
G560_IDENTITY enabled=true agents=200 republications=0/10
test core::store::publication_tests::g560_unchanged_ticks_keep_publication_identity ... ok

test result: ok. 1 passed; 0 failed; 0 ignored; 0 measured; 318 filtered out; finished in 5.10s

     Running unittests src/main.rs (/tmp/g560-target/debug/deps/corrald-85d3bbaec2c4f8fa)

running 0 tests

test result: ok. 0 passed; 0 failed; 0 ignored; 0 measured; 7 filtered out; finished in 0.00s

     Running tests/auth.rs (/tmp/g560-target/debug/deps/auth-b8afaa2d570dfcdd)

running 0 tests

test result: ok. 0 passed; 0 failed; 0 ignored; 0 measured; 18 filtered out; finished in 0.00s

     Running tests/drive.rs (/tmp/g560-target/debug/deps/drive-0b51c33105305d8a)

running 0 tests

test result: ok. 0 passed; 0 failed; 0 ignored; 0 measured; 19 filtered out; finished in 0.00s

     Running tests/enrollment.rs (/tmp/g560-target/debug/deps/enrollment-c76f61412bc80126)

running 0 tests

test result: ok. 0 passed; 0 failed; 0 ignored; 0 measured; 10 filtered out; finished in 0.00s

     Running tests/gh_plane.rs (/tmp/g560-target/debug/deps/gh_plane-4430a87d53b35791)

running 0 tests

test result: ok. 0 passed; 0 failed; 0 ignored; 0 measured; 15 filtered out; finished in 0.00s

     Running tests/git_plane.rs (/tmp/g560-target/debug/deps/git_plane-c4951e737112f8b0)

running 0 tests

test result: ok. 0 passed; 0 failed; 0 ignored; 0 measured; 4 filtered out; finished in 0.00s

     Running tests/history.rs (/tmp/g560-target/debug/deps/history-f9707bc761ed2bc8)

running 0 tests

test result: ok. 0 passed; 0 failed; 0 ignored; 0 measured; 13 filtered out; finished in 0.00s

     Running tests/http.rs (/tmp/g560-target/debug/deps/http-1efc1b37c19865c5)

running 0 tests

test result: ok. 0 passed; 0 failed; 0 ignored; 0 measured; 23 filtered out; finished in 0.00s

     Running tests/integration.rs (/tmp/g560-target/debug/deps/integration-2143b9dd63b8ea62)

running 0 tests

test result: ok. 0 passed; 0 failed; 0 ignored; 0 measured; 16 filtered out; finished in 0.00s

     Running tests/model.rs (/tmp/g560-target/debug/deps/model-28a84decf04844cb)

running 0 tests

test result: ok. 0 passed; 0 failed; 0 ignored; 0 measured; 13 filtered out; finished in 0.00s

     Running tests/provenance.rs (/tmp/g560-target/debug/deps/provenance-f2156e80bad9474b)

running 0 tests

test result: ok. 0 passed; 0 failed; 0 ignored; 0 measured; 13 filtered out; finished in 0.00s

     Running tests/push.rs (/tmp/g560-target/debug/deps/push-b7aa14fe26649e7c)

running 0 tests

test result: ok. 0 passed; 0 failed; 0 ignored; 0 measured; 2 filtered out; finished in 0.00s

     Running tests/read_logging.rs (/tmp/g560-target/debug/deps/read_logging-31974ab8c50660dc)

running 0 tests

test result: ok. 0 passed; 0 failed; 0 ignored; 0 measured; 1 filtered out; finished in 0.00s

     Running tests/readonly_cut.rs (/tmp/g560-target/debug/deps/readonly_cut-57744f830f82953a)

running 0 tests

test result: ok. 0 passed; 0 failed; 0 ignored; 0 measured; 5 filtered out; finished in 0.00s

     Running tests/redact.rs (/tmp/g560-target/debug/deps/redact-4ec482e2fb3fce27)

running 0 tests

test result: ok. 0 passed; 0 failed; 0 ignored; 0 measured; 3 filtered out; finished in 0.00s

     Running tests/snapshot_load.rs (/tmp/g560-target/debug/deps/snapshot_load-d4307cf36a880c22)

running 0 tests

test result: ok. 0 passed; 0 failed; 0 ignored; 0 measured; 1 filtered out; finished in 0.00s

     Running tests/store.rs (/tmp/g560-target/debug/deps/store-2342b52a5072ac55)

running 0 tests

test result: ok. 0 passed; 0 failed; 0 ignored; 0 measured; 12 filtered out; finished in 0.00s
