flock[60224]: format=dir owner=40565 wait=0s decision=wait reason=contention
flock[60224]: format=dir owner=40565 wait=5s decision=wait reason=contention
flock[60224]: format=dir owner=40565 wait=10s decision=wait reason=contention
flock[60224]: format=dir owner=40565 wait=15s decision=wait reason=contention
flock[60224]: format=dir owner=40565 wait=20s decision=wait reason=contention
flock[60224]: format=dir owner=40565 wait=26s decision=wait reason=contention
flock[60224]: format=dir owner=40565 wait=31s decision=wait reason=contention
flock[60224]: format=dir owner=40565 wait=36s decision=wait reason=contention
flock[60224]: format=dir owner=40565 wait=41s decision=wait reason=contention
flock[60224]: format=dir owner=40565 wait=47s decision=wait reason=contention
flock[60224]: format=dir owner=40565 wait=52s decision=wait reason=contention
flock[60224]: format=dir owner=40565 wait=57s decision=wait reason=contention
flock[60224]: format=dir owner=40565 wait=62s decision=wait reason=contention
flock[60224]: format=dir owner=40565 wait=67s decision=wait reason=contention
flock[60224]: format=dir owner=40565 wait=73s decision=wait reason=contention
flock[60224]: format=dir owner=40565 wait=78s decision=wait reason=contention
flock[60224]: format=dir owner=40565 wait=83s decision=wait reason=contention
flock[60224]: format=dir owner=40565 wait=88s decision=wait reason=contention
flock[60224]: format=dir owner=40565 wait=93s decision=wait reason=contention
flock[60224]: format=dir owner=40565 wait=98s decision=wait reason=contention
flock[60224]: format=dir owner=40565 wait=103s decision=wait reason=contention
flock[60224]: format=dir owner=40565 wait=109s decision=wait reason=contention
flock[60224]: format=dir owner=40565 wait=114s decision=wait reason=contention
flock[60224]: format=dir owner=40565 wait=119s decision=wait reason=contention
flock[60224]: format=dir owner=40565 wait=124s decision=wait reason=contention
flock[60224]: format=dir owner=40565 wait=129s decision=wait reason=contention
flock[60224]: format=dir owner=40565 wait=134s decision=wait reason=contention
flock[60224]: format=dir owner=40565 wait=139s decision=wait reason=contention
flock[60224]: format=dir owner=40565 wait=144s decision=wait reason=contention
flock[60224]: format=dir owner=40565 wait=150s decision=wait reason=contention
flock[60224]: format=dir owner=40565 wait=155s decision=wait reason=contention
flock[60224]: format=dir owner=40565 wait=160s decision=wait reason=contention
flock[60224]: format=dir owner=40565 wait=165s decision=wait reason=contention
flock[60224]: format=dir owner=40565 wait=170s decision=wait reason=contention
flock[60224]: format=dir owner=40565 wait=175s decision=wait reason=contention
flock[60224]: format=dir owner=40565 wait=180s decision=wait reason=contention
flock[60224]: format=dir owner=40565 wait=186s decision=wait reason=contention
flock[60224]: format=dir owner=40565 wait=191s decision=wait reason=contention
flock[60224]: format=dir owner=40565 wait=196s decision=wait reason=contention
flock[60224]: format=dir owner=40565 wait=201s decision=wait reason=contention
flock[60224]: format=dir owner=40565 wait=206s decision=wait reason=contention
flock[60224]: format=dir owner=40565 wait=211s decision=wait reason=contention
flock[60224]: format=dir owner=40565 wait=216s decision=wait reason=contention
flock[60224]: format=dir owner=40565 wait=221s decision=wait reason=contention
flock[60224]: format=dir owner=40565 wait=227s decision=wait reason=contention
flock[60224]: format=dir owner=60224 wait=232s decision=acquired
   Compiling libc v0.2.189
   Compiling proc-macro2 v1.0.107
   Compiling quote v1.0.47
   Compiling unicode-ident v1.0.24
   Compiling cfg-if v1.0.4
   Compiling zeroize v1.9.0
   Compiling typenum v1.20.1
   Compiling syn v3.0.3
   Compiling syn v2.0.119
   Compiling subtle v2.6.1
   Compiling jobserver v0.1.35
   Compiling shlex v2.0.1
   Compiling find-msvc-tools v0.1.11
   Compiling rand_core v0.10.1
   Compiling cc v1.4.3
   Compiling log v0.4.33
   Compiling getrandom v0.4.3
   Compiling hybrid-array v0.4.14
   Compiling pin-project-lite v0.2.17
   Compiling pkg-config v0.3.34
   Compiling synstructure v0.13.2
   Compiling cmov v0.5.4
   Compiling ctutils v0.4.2
   Compiling once_cell v1.21.4
   Compiling futures-core v0.3.34
   Compiling const-oid v0.10.2
   Compiling bytes v1.12.1
   Compiling zerofrom-derive v0.1.7
   Compiling itoa v1.0.18
   Compiling yoke-derive v0.8.2
   Compiling zerofrom v0.1.8
   Compiling crypto-common v0.2.2
   Compiling errno v0.3.14
   Compiling bitflags v2.13.1
   Compiling stable_deref_trait v1.2.1
   Compiling core-foundation-sys v0.8.7
   Compiling yoke v0.8.3
   Compiling futures-sink v0.3.34
   Compiling block-buffer v0.12.1
   Compiling zerovec-derive v0.11.4
   Compiling digest v0.11.3
   Compiling signal-hook-registry v1.4.8
   Compiling http v1.5.0
   Compiling zerovec v0.11.7
   Compiling tracing-core v0.1.36
   Compiling cmake v0.1.58
   Compiling displaydoc v0.2.7
   Compiling tokio-macros v2.7.2
   Compiling socket2 v0.6.5
   Compiling mio v1.2.2
   Compiling fs_extra v1.3.0
   Compiling dunce v1.0.5
   Compiling slab v0.4.12
   Compiling autocfg v1.5.1
   Compiling aws-lc-sys v0.44.0
   Compiling num-traits v0.2.19
   Compiling tokio v1.53.1
   Compiling futures-channel v0.3.34
   Compiling tracing-attributes v0.1.31
   Compiling smallvec v1.15.2
   Compiling memchr v2.8.3
   Compiling tracing v0.1.44
   Compiling futures-macro v0.3.34
   Compiling futures-io v0.3.34
   Compiling futures-task v0.3.34
   Compiling version_check v0.9.5
   Compiling generic-array v0.14.7
   Compiling futures-util v0.3.34
   Compiling tinystr v0.8.4
   Compiling httparse v1.10.1
   Compiling writeable v0.6.4
   Compiling aws-lc-rs v1.18.0
   Compiling litemap v0.8.3
   Compiling base64ct v1.8.3
   Compiling pem-rfc7468 v1.0.0
   Compiling icu_locale_core v2.3.0
   Compiling zerotrie v0.2.5
   Compiling potential_utf v0.1.6
   Compiling http-body v1.1.0
   Compiling zerocopy v0.8.56
   Compiling getrandom v0.3.4
   Compiling cpubits v0.1.1
   Compiling utf8_iter v1.0.4
   Compiling icu_properties_data v2.3.0
   Compiling percent-encoding v2.3.2
   Compiling icu_normalizer_data v2.3.0
   Compiling serde_core v1.0.229
   Compiling icu_collections v2.3.0
   Compiling crypto-bigint v0.7.5
   Compiling icu_provider v2.3.0
   Compiling der v0.8.1
   Compiling ff v0.14.0
   Compiling system-configuration-sys v0.6.0
   Compiling equivalent v1.0.2
   Compiling tower-service v0.3.3
   Compiling hashbrown v0.17.1
   Compiling indexmap v2.14.0
   Compiling tokio-util v0.7.19
   Compiling rustls-pki-types v1.15.1
   Compiling rustls v0.23.45
   Compiling atomic-waker v1.1.2
   Compiling try-lock v0.2.5
   Compiling vcpkg v0.2.15
   Compiling untrusted v0.9.0
   Compiling fnv v1.0.7
   Compiling semver v1.0.28
   Compiling rustc_version v0.4.1
   Compiling h2 v0.4.16
   Compiling libz-sys v1.1.29
   Compiling want v0.3.1
   Compiling icu_normalizer v2.3.0
   Compiling icu_properties v2.3.0
   Compiling rand_core v0.9.5
   Compiling ppv-lite86 v0.2.21
   Compiling group v0.14.0
   Compiling spki v0.8.0
   Compiling crypto-common v0.1.7
   Compiling block-buffer v0.10.4
   Compiling form_urlencoded v1.2.2
   Compiling security-framework-sys v2.17.0
   Compiling core-foundation v0.10.1
   Compiling core-foundation v0.9.4
   Compiling sync_wrapper v1.0.2
   Compiling serde v1.0.229
   Compiling tower-layer v0.3.3
   Compiling httpdate v1.0.3
   Compiling thiserror v2.0.20
   Compiling zmij v1.0.23
   Compiling base16ct v1.0.0
   Compiling sec1 v0.8.1
   Compiling hyper v1.11.0
   Compiling system-configuration v0.7.0
   Compiling security-framework v3.7.0
   Compiling digest v0.10.7
   Compiling pkcs8 v0.11.0
   Compiling rand_chacha v0.9.0
   Compiling idna_adapter v1.2.2
   Compiling curve25519-dalek v5.0.0
   Compiling signature v3.0.0
   Compiling thiserror-impl v2.0.20
   Compiling serde_derive v1.0.229
   Compiling cpufeatures v0.2.17
   Compiling serde_json v1.0.151
   Compiling ipnet v2.12.1
   Compiling base64 v0.22.1
   Compiling hyper-util v0.1.20
   Compiling sha1 v0.10.7
   Compiling idna v1.1.0
   Compiling rand v0.9.5
   Compiling elliptic-curve v0.14.1
   Compiling tower v0.5.3
   Compiling primefield v0.14.0
   Compiling http-body-util v0.1.5
   Compiling hmac v0.13.0
   Compiling libgit2-sys v0.18.8+1.9.7
   Compiling cpufeatures v0.3.0
   Compiling regex-syntax v0.8.11
   Compiling mime v0.3.17
   Compiling data-encoding v2.11.1
   Compiling tungstenite v0.29.0
   Compiling regex-automata v0.4.18
   Compiling sha2 v0.11.0
   Compiling rfc6979 v0.6.0
   Compiling wnaf v0.14.1
   Compiling url v2.5.8
   Compiling rustls-webpki v0.103.14
   Compiling keyring-core v1.0.0
   Compiling lazy_static v1.5.0
   Compiling same-file v1.0.6
   Compiling ryu v1.0.23
   Compiling serde_urlencoded v0.7.1
   Compiling walkdir v2.5.0
   Compiling sharded-slab v0.1.7
   Compiling apple-native-keyring-store v1.0.2
   Compiling tower-http v0.6.11
   Compiling primeorder v0.14.0
   Compiling ecdsa v0.17.0
   Compiling matchers v0.2.0
   Compiling tokio-tungstenite v0.29.0
   Compiling tokio-rustls v0.26.4
   Compiling hyper-rustls v0.27.9
   Compiling rustls-platform-verifier v0.7.0
   Compiling axum-core v0.5.6
   Compiling ed25519 v3.0.0
   Compiling serde_path_to_error v0.1.20
   Compiling futures-executor v0.3.34
   Compiling tracing-log v0.2.0
   Compiling iana-time-zone v0.1.65
   Compiling notify-types v2.1.0
   Compiling thread_local v1.1.10
   Compiling encoding_rs v0.8.35
   Compiling fsevent-sys v4.1.0
   Compiling matchit v0.8.4
   Compiling nu-ansi-term v0.50.3
   Compiling rustix v1.1.4
   Compiling reqwest v0.13.4
   Compiling tracing-subscriber v0.3.23
   Compiling axum v0.8.9
   Compiling notify v8.2.0
   Compiling chrono v0.4.45
   Compiling futures v0.3.34
   Compiling ed25519-dalek v3.0.0
   Compiling p256 v0.14.0
   Compiling git2 v0.21.0
   Compiling keyring v4.1.6
   Compiling x25519-dalek v3.0.0
   Compiling base64 v0.23.1
   Compiling fastrand v2.5.0
   Compiling corrald v0.1.0 (/Users/jirathip/.herdr/worktrees/corral/impl560-publishskip)
   Compiling tempfile v3.27.0
    Finished `test` profile [unoptimized] target(s) in 2m 37s
     Running unittests src/lib.rs (/tmp/g560-target/debug/deps/corrald-e422046a6a80e4fc)

running 1 test
G560_IDENTITY enabled=false agents=200 republications=0/10
G560_IDENTITY enabled=true agents=200 republications=10/10

thread 'core::store::publication_tests::g560_unchanged_ticks_keep_publication_identity' (10611382) panicked at src/core/store/publication_tests.rs:394:5:
assertion `left == right` failed: unchanged health-enabled ticks must not republish
  left: [0, 10]
 right: [0, 0]
note: run with `RUST_BACKTRACE=1` environment variable to display a backtrace
test core::store::publication_tests::g560_unchanged_ticks_keep_publication_identity ... FAILED

failures:

failures:
    core::store::publication_tests::g560_unchanged_ticks_keep_publication_identity

test result: FAILED. 0 passed; 1 failed; 0 ignored; 0 measured; 313 filtered out; finished in 5.27s

error: test failed, to rerun pass `-p corrald --lib`
