
2026-09-16T17:11:49.908844Z  INFO corrald: owner channel listening (local-only unix socket) path=/tmp/g556-eq0llsk2/config/owner.sock
2026-09-16T17:11:49.909414Z  INFO corrald: planes supervisor live: git watcher + gh poller -> integrator -> store repo_roots=["/private/tmp/g556-eq0llsk2/repo"] worktrees_root=/private/tmp/g556-eq0llsk2/worktrees
2026-09-16T17:11:49.909485Z  INFO corrald: push notifier not configured (set CORRAL_APNS_* to enable APNs)
2026-09-16T17:11:49.909497Z  INFO corrald: CORS read plane disabled (no --cors-origin / $CORRALD_CORS_ORIGIN)
2026-09-16T17:11:49.909728Z  INFO corrald::adapters::herdr: connecting to herdr socket=/tmp/g556-eq0llsk2/herdr.sock
2026-09-16T17:11:49.910446Z  INFO corrald: corrald listening; auth plane live: GET /host-key, POST /register addr=127.0.0.1:50374 scope="loopback" socket=/tmp/g556-eq0llsk2/herdr.sock config_dir=/tmp/g556-eq0llsk2/config
2026-09-16T17:11:49.911580Z  INFO corrald::adapters::herdr: agent upsert agent_id=herdr:pane:p556 tool=opencode state=Idle persisted=true
2026-09-16T17:11:49.911713Z  INFO corrald::adapters::herdr: agent upsert agent_id=herdr:pane:p557 tool=opencode state=Idle persisted=true
2026-09-16T17:11:49.911730Z  INFO corrald::adapters::herdr: herdr bootstrap complete agents=2
2026-09-16T17:11:49.915437Z  INFO corrald::adapters::gh_plane: github: disabled (no token)
2026-09-16T17:11:49.966463Z  INFO corrald::api: snapshot served requests=1 max_serve_ms=0.015 max_buffer_age_ms=74.322 latest_rev=0
2026-09-16T17:11:50.018749Z  INFO corrald::adapters::git_plane: git plane: worktree added worktree=/private/tmp/g556-eq0llsk2/repo
2026-09-16T17:11:50.018765Z  INFO corrald::adapters::git_plane: git plane: worktree added worktree=/private/tmp/g556-eq0llsk2/worktrees/repo/unbound
2026-09-16T17:11:50.019859Z  INFO corrald::adapters::git_plane: git plane: commondir watch live gitdir=/private/tmp/g556-eq0llsk2/repo/.git
2026-09-16T17:11:50.019868Z  INFO corrald::adapters::git_plane: git plane: fsevents watchers live repos=["/private/tmp/g556-eq0llsk2/repo"] root=/private/tmp/g556-eq0llsk2/worktrees
2026-09-16T17:11:50.363455Z  INFO corrald::adapters::git_plane: git plane event emitted source="git" worktree=/private/tmp/g556-eq0llsk2/repo event="head_moved"
2026-09-16T17:11:50.363480Z  INFO corrald::adapters::git_plane: git plane event emitted source="git" worktree=/private/tmp/g556-eq0llsk2/repo event="dirty_changed"
2026-09-16T17:11:50.363534Z  INFO corrald::adapters::git_plane: git plane event emitted source="git" worktree=/private/tmp/g556-eq0llsk2/worktrees/repo/unbound event="head_moved"
2026-09-16T17:11:50.363546Z  INFO corrald::adapters::git_plane: git plane event emitted source="git" worktree=/private/tmp/g556-eq0llsk2/worktrees/repo/unbound event="dirty_changed"
2026-09-16T17:11:51.979612Z  INFO corrald::api::events: SSE first frame served requests=1 max_serve_ms=0.024 max_buffer_age_ms=64.429 latest_frame_kind="snapshot" latest_live_from_rev=1
2026-09-16T17:16:52.873046Z  INFO corrald::api: snapshot served requests=7 max_serve_ms=0.007 max_buffer_age_ms=1707.822 latest_rev=1
