COMMAND: shasum -a 256 -c manifest.sha256
EXPORTS.md: OK
NATIVE-HANDOFF.md: OK
PROVENANCE.md: OK
README.md: OK
SCOPE-CAP.md: OK
art.py: OK
build.py: OK
capture.py: OK
comparison-note.md: OK
control-input.html: OK
control-sha256.json: OK
day.html: OK
decision-freeze.json: OK
export-layers.py: OK
fixtures.py: OK
layers/day/00-sky.svg: OK
layers/day/10-hills.svg: OK
layers/day/20-ground.svg: OK
layers/day/30-barn-trees.svg: OK
layers/day/40-rear-fences.svg: OK
layers/day/50-foreground.svg: OK
layers/front-rail.svg: OK
layers/geometry.json: OK
layers/grounding/aspen-grove.svg: OK
layers/grounding/birch-clearing.svg: OK
layers/grounding/cedar-ridge.svg: OK
layers/grounding/elder-flats.svg: OK
layers/grounding/hawthorn-fork.svg: OK
layers/grounding/hazel-hollow.svg: OK
layers/grounding/juniper-south.svg: OK
layers/grounding/maple-stand.svg: OK
layers/grounding/oak-before-dark.svg: OK
layers/grounding/pose-graze.svg: OK
layers/grounding/pose-reduce-motion.svg: OK
layers/grounding/pose-shift.svg: OK
layers/grounding/pose-stand.svg: OK
layers/grounding/spruce-hollow.svg: OK
layers/grounding/sumac-row.svg: OK
layers/grounding/willow-bend.svg: OK
layers/horses/aspen-grove.svg: OK
layers/horses/birch-clearing.svg: OK
layers/horses/cedar-ridge.svg: OK
layers/horses/elder-flats.svg: OK
layers/horses/hawthorn-fork.svg: OK
layers/horses/hazel-hollow.svg: OK
layers/horses/juniper-south.svg: OK
layers/horses/maple-stand.svg: OK
layers/horses/oak-before-dark.svg: OK
layers/horses/pose-graze.svg: OK
layers/horses/pose-reduce-motion.svg: OK
layers/horses/pose-shift.svg: OK
layers/horses/pose-stand.svg: OK
layers/horses/spruce-hollow.svg: OK
layers/horses/sumac-row.svg: OK
layers/horses/willow-bend.svg: OK
layers/index.json: OK
layers/night/00-sky.svg: OK
layers/night/10-hills.svg: OK
layers/night/20-ground.svg: OK
layers/night/30-barn-trees.svg: OK
layers/night/40-rear-fences.svg: OK
layers/night/50-foreground.svg: OK
layers/rim/aspen-grove.svg: OK
layers/rim/birch-clearing.svg: OK
layers/rim/cedar-ridge.svg: OK
layers/rim/elder-flats.svg: OK
layers/rim/hawthorn-fork.svg: OK
layers/rim/hazel-hollow.svg: OK
layers/rim/juniper-south.svg: OK
layers/rim/maple-stand.svg: OK
layers/rim/oak-before-dark.svg: OK
layers/rim/pose-graze.svg: OK
layers/rim/pose-reduce-motion.svg: OK
layers/rim/pose-shift.svg: OK
layers/rim/pose-stand.svg: OK
layers/rim/spruce-hollow.svg: OK
layers/rim/sumac-row.svg: OK
layers/rim/willow-bend.svg: OK
layers/square/aspen-grove.svg: OK
layers/square/birch-clearing.svg: OK
layers/square/cedar-ridge.svg: OK
layers/square/elder-flats.svg: OK
layers/square/hawthorn-fork.svg: OK
layers/square/hazel-hollow.svg: OK
layers/square/juniper-south.svg: OK
layers/square/lineup.svg: OK
layers/square/maple-stand.svg: OK
layers/square/oak-before-dark.svg: OK
layers/square/spruce-hollow.svg: OK
layers/square/sumac-row.svg: OK
layers/square/willow-bend.svg: OK
logs/browser.log: OK
logs/build.log: OK
logs/capture.log: OK
logs/exit-codes.json: OK
logs/exports.log: OK
logs/layers.log: OK
logs/verify.log: OK
night.html: OK
probe.py: OK
protected-control-baseline.txt: OK
run-gates.py: OK
study.html: OK
v1-r2-day-390x844.png: OK
v1-r2-idle-anatomy-study.png: OK
v1-r2-night-390x844.png: OK
verify-layers.py: OK
verify.py: OK
visual-review.md: OK

RAW_EXIT: 0
